[neverhack.com/en.html]
[neverhack.com/en/use-cases.html]
[neverhack.com/en/offers.html]
[neverhack.com/en/news.html]
[neverhack.com/en/careers.html]
[neverhack.com/en/jobs.html]
[neverhack.com/en/about.html]
[neverhack.com/en/contact.html]
[neverhack.com/en/press.html]
[neverhack.com/en/compliance.html]
[neverhack.com/en/certifications.html]
[neverhack.com/en/legals/information-security-policy.html]
[neverhack.com/en/research/advise.html]
[neverhack.com/en/research/cloud-security.html]
[neverhack.com/en/research/big-energy-data-analytics-efficiency.html]
[neverhack.com/en/research/innovated.html]
[neverhack.com/en/research/spain-extension.html]
[neverhack.com/en/research/lap.html]
[neverhack.com/en/research/pisdas.html]
[neverhack.com/en/research/secri.html]
[neverhack.com/en/research/tree4nb.html]
[neverhack.com/en/research/borgo-4-0.html]
[neverhack.com/en/sitemap.html]
[neverhack.com/en/news/when-one-appliance-isnt-enough-lessons-in-high-availability-and-disaster-recovery.html]
[neverhack.com/en/news/cybersecurity-trends-2026-challenges-and-protection-strategy-blog.html]
[neverhack.com/en/news/when-money-knows-no-borders-security-limit.html]
[neverhack.com/en/news/ransomware-ghostredirector-report-cti.html]
[neverhack.com/en/news/soc-30-the-evolution-toward-an-intelligent-and-humanized-security-operations-center-blog.html]
[neverhack.com/en/news/complete-guide-to-iam-strategies-and-tools-for-efficient-identity-management-blog.html]
[neverhack.com/en/news/cybersecurity-for-the-management-committee-of-the-cost-center-to-strategic-investment-blog.html]
[neverhack.com/en/news/neverhack-netskope-managed-sse-partnership.html]
[neverhack.com/en/news/post-quantum-cryptography-risks-migration-security.html]
[neverhack.com/en/news/hybrid-integration-centralized-and-secure-data-management-apis-and-events-in-the-digital-ecosystem-blog.html]
[neverhack.com/en/news/bec-fraud-or-ceo-fraud-how-it-works.html]
[neverhack.com/en/news/zero-trust-maturity-evolution-best-practices-ztna.html]
[neverhack.com/en/news/weaponization-era-ai-cyber-weapon.html]
[neverhack.com/en/news/how-far-can-yout-infrastructure-really-go-blog.html]
[neverhack.com/en/news/automation-connectivity-secure-supply-chain-blog.html]
[neverhack.com/en/news/neverhack-and-group-ib-partner-to-deliver-targeted-fraud-prevention-across-high-risk-sectors-blog.html]
[neverhack.com/en/news/application-and-data-protection-in-development-devsecops-and-security-by-design-blog.html]
[neverhack.com/en/news/cybersecurity-in-electric-vehicles-connected-and-protected-mobility-blog.html]
[neverhack.com/en/news/the-zero-trust-model-in-data-exchange-and-b2b-environments-blog.html]
[neverhack.com/en/news/sailpoint-forms-from-chaos-to-control.html]
[neverhack.com/en/news/cybersecurity-incident-response-plan-roles-and-actions-to-mitigate-damage-blog.html]
[neverhack.com/en/news/virtual-appliances-explained.html]
[neverhack.com/en/news/the-roi-of-cybersecurity-empowered-by-openxdr-blog.html]
[neverhack.com/en/news/secure-automation-of-electrical-infrastructure-in-spain-success-case.html]
[neverhack.com/en/news/compliance-challenges-2025.html]
[neverhack.com/en/news/continuous-cybersecurity-audits-ptaas-blog.html]
[neverhack.com/en/news/implement-edi-without-infrastructure-stay-aligned-with-your-clients-without-slowing-down-your-business-blog.html]
[neverhack.com/en/news/gsoc-cybersecurity-challenges-blog.html]
[neverhack.com/en/news/migration-from-swift-standards-to-iso-20022-blog.html]
[neverhack.com/en/news/celebrating-sustainability-day-our-commitment-at-neverhack-blog.html]
[neverhack.com/en/news/why-asset-management-is-critical-for-cybersecurity-blog.html]
[neverhack.com/en/news/ibm-sterling-data-exchange-modernize-your-data-exchange-and-protect-your-business-blog.html]
[neverhack.com/en/news/data-protection-with-predictive-models-blog.html]
[neverhack.com/en/news/business-optimization-and-growth-with-webmethods-ipaas-blog.html]
[neverhack.com/en/news/cybersecurity-business-continuity-simulation.html]
[neverhack.com/en/news/ransomware-and-ai-interview-with-el-universal-news.html]
[neverhack.com/en/news/cybersecurity-chain-transformation-vendor-management-solutions-blog.html]
[neverhack.com/en/news/from-defence-to-resilience-cybersecurity-in-modern-healthcare-blog.html]
[neverhack.com/en/news/back-up-resilience-and-business-continuity-blog.html]
[neverhack.com/en/news/edi-key-efficient-automation-communication-trading-partners.html]
[neverhack.com/en/news/ipla-and-sil-migration-in-swift-blog.html]
[neverhack.com/en/news/third-party-risk-management-blog.html]
[neverhack.com/en/news/2024-cybersecurity-trends-cesin-barometer.html]
[neverhack.com/en/news/introduction-xdr-stellar-cyber.html]
[neverhack.com/en/news/security-management-for-critical-assets-blog.html]
[neverhack.com/en/news/periodic-vulnerability-assessments-blog.html]
[neverhack.com/en/news/innovation-training-neverhack-cyber-escape-room.html]
[neverhack.com/en/news/sensible-approach-cybersecurity.html]
[neverhack.com/en/news/tailored-services-for-cybersecurity-and-access-to-top-talents.html]
[neverhack.com/en/news/incident-response-cybersecurity.html]
[neverhack.com/en/news/cybersecurity-in-2025-challenges-and-strategies.html]
[neverhack.com/en/use-cases/team-awareness.html]
[neverhack.com/en/use-cases/privilege-level.html]
[neverhack.com/en/use-cases/cyber-regulation.html]
[neverhack.com/en/use-cases/data-protection.html]
[neverhack.com/en/use-cases/third-parties-exposure.html]
[neverhack.com/en/use-cases/threat-intelligence.html]
[neverhack.com/en/use-cases/security-reinforcement.html]
[neverhack.com/en/use-cases/security-concerns.html]
[neverhack.com/en/use-cases/cyber-crisis.html]
[neverhack.com/en/use-cases/cyber-risk-assessment.html]
[neverhack.com/en/use-cases/test-compare.html]
[neverhack.com/en/use-cases/cyber-disaster-readiness.html]
[neverhack.com/en/offers/critical-services.html]
[neverhack.com/en/offers/cyber-services.html]
[neverhack.com/en/offers/offensive-security.html]
[neverhack.com/en/offers/secure-file-transfer.html]
[neverhack.com/en/offers/noc-msp.html]
[neverhack.com/en/offers/grc-center.html]
[neverhack.com/en/offers/resilience-center.html]
[neverhack.com/en/offers/training-awareness-center.html]
[neverhack.com/en/offers/data-security.html]
[neverhack.com/en/offers/identity-access-center.html]
[neverhack.com/en/offers/incident-response.html]
[neverhack.com/en/offers/secure-development.html]
[neverhack.com/en/offers/soc-mssp.html]
[neverhack.com/en/offers/network-security.html]
[neverhack.com/en/offers/infrasecurity.html]
[neverhack.com/en/jobs/devsecops.html]
[neverhack.com/en/jobs/linux-engineer.html]
[neverhack.com/en/jobs/iam-engineer.html]
[neverhack.com/en/jobs/soc-analyst.html]
[neverhack.com/en/jobs/cybersecurity-integrator.html]
[neverhack.com/en/jobs/netsecops.html]
[neverhack.com/en/campaign/gartner-old-version.html]
[neverhack.com/en/campaign/globsec-forum-2025.html]
[neverhack.com/en/campaign/warlock-2025.html]
[neverhack.com/en/campaign/neverhack-netskope.html]
[neverhack.com/en/campaign/cena-barcelona-axonius-y-neverhack.html]
[neverhack.com/en/campaign/ibm-sterling.html]
[neverhack.com/en/campaign/ibm-itx-webmethods.html]
[neverhack.com/en/campaign/ibm-webmethods-hybrid.html]
[neverhack.com/en/campaign/alumni-onera.html]
[neverhack.com/en/campaign/gartner.html]
[neverhack.com/en/legals/privacy/cancellation-form.html]
[neverhack.com/en/legals/privacy/personal-data.html]
[backblue.gif]
[fade.gif]
[index.html]
[neverhack.com/favicon/apple-touch-icon.png]
[neverhack.com/favicon/favicon-48x48.png]
[showcase-prod.s3.rbx.io.cloud.ovh.net/index.html]
[neverhack.com/favicon/web-app-manifest-192x192.png]
[neverhack.com/favicon/web-app-manifest-512x512.png]
[neverhack.com/favicon/site.webmanifest]
[neverhack.com/favicon/favicon.svg]
[neverhack.com/favicon/favicon.ico]
[neverhack.com/build/assets/Roobert-Regular-CznfJWXD.woff2]
[neverhack.com/build/assets/GeistMono-Regular-Cgn4a1uh.woff2]
[neverhack.com/images/hero-home-828.webp]
[neverhack.com/build/assets/web-CS453ml-.css]
[neverhack.com/build/assets/ChatGlobe-cBNqBshC.css]
[neverhack.com/build/assets/HeroHome-BDyXqEcy.css]
[neverhack.com/build/assets/KeyNumbersHome-DoPMhX0S.css]
[neverhack.com/build/assets/UseCasesListing-CmNbZw7i.css]
[neverhack.com/build/assets/Values-OqvUctEO.css]
[neverhack.com/build/assets/NewsListing-DwxihF-z.css]
[neverhack.com/build/assets/Globe-DBFxODgR.css]
[neverhack.com/build/assets/Button-Ct48122L.css]
[neverhack.com/build/assets/NavigationBar-DP42ApKB.css]
[neverhack.com/build/assets/ItemCard-Cv6t3285.css]
[neverhack.com/build/assets/Index-io7WF6nX.css]
[neverhack.com/build/assets/web-BZqfW7Ar.js]
[neverhack.com/build/assets/client-DVrblGvH.js]
[neverhack.com/build/assets/php_en-BnSpPo6Z.js]
[neverhack.com/build/assets/php_es-BWqnHxuC.js]
[neverhack.com/build/assets/php_et-Ci9oZMyV.js]
[neverhack.com/build/assets/php_fr-D7J-gNnm.js]
[neverhack.com/build/assets/php_it-Bn72T2OQ.js]
[neverhack.com/build/assets/maths-BcBSyK5V.js]
[neverhack.com/build/assets/Video-CB0fdder.js]
[neverhack.com/build/assets/clsx-B-dksMZM.js]
[neverhack.com/build/assets/index-B3wK0VMZ.js]
[neverhack.com/build/assets/meta-D3Qv0ezZ.js]
[neverhack.com/build/assets/index-CGPiBUfN.js]
[neverhack.com/build/assets/hook-Dy1HR1NH.js]
[neverhack.com/build/assets/moment--fyrORtG.js]
[neverhack.com/build/assets/CareersController-BewTmBEx.js]
[neverhack.com/build/assets/ContactController-BtEdwd8V.js]
[neverhack.com/build/assets/NewsController-CLD99IWU.js]
[neverhack.com/build/assets/OffersController-C39j6lcz.js]
[neverhack.com/build/assets/CampaignController-Cfu3n3Ds.js]
[neverhack.com/build/assets/Index-DpHBZkou.js]
[neverhack.com/build/assets/ChatGlobe-B2s1bfif.js]
[neverhack.com/build/assets/HeroHome-BPb49wjt.js]
[neverhack.com/build/assets/KeyNumbersHome-Nn1SeEjC.js]
[neverhack.com/build/assets/UseCasesListing-B1cO5pK1.js]
[neverhack.com/build/assets/Values-WL0v_-aH.js]
[neverhack.com/build/assets/NewsListing-x1f-d9mH.js]
[neverhack.com/build/assets/Globe-Cs9VB-HF.js]
[neverhack.com/build/assets/Button-Be0gIchj.js]
[neverhack.com/build/assets/innerHtml-CEPnmf3L.js]
[neverhack.com/build/assets/NavigationBar-D0Oz531L.js]
[neverhack.com/build/assets/chevron-right-rLNBw_Rz.js]
[neverhack.com/build/assets/ItemCard-CpQsPyuV.js]
[neverhack.com/et.html]
[neverhack.com/es.html]
[neverhack.com/fr.html]
[neverhack.com/it.html]
[neverhack.com/images/dots-header.png]
[neverhack.com/videos/hero/home.qt]
[neverhack.com/videos/hero/home.webm]
[neverhack.com/videos/hero/home_loop.qt]
[neverhack.com/videos/hero/home_loop.webm]
[neverhack.com/images/dots-use-cases.png]
[neverhack.com/images/dots-card.png]
[neverhack.com/videos/usecases/cyber_risk_assessment.qt]
[neverhack.com/videos/usecases/cyber_risk_assessment.webm]
[neverhack.com/videos/usecases/test_compare.qt]
[neverhack.com/videos/usecases/test_compare.webm]
[neverhack.com/videos/usecases/cyber_regulation.qt]
[neverhack.com/videos/usecases/cyber_regulation.webm]
[neverhack.com/videos/usecases/security_concern.qt]
[neverhack.com/videos/usecases/security_concern.webm]
[neverhack.com/videos/usecases/cyber_crisis.qt]
[neverhack.com/videos/usecases/cyber_crisis.webm]
[neverhack.com/videos/hero/about.qt]
[neverhack.com/videos/hero/about.webm]
[neverhack.com/images/icon-chat.png]
[neverhack.com/en/legals.html]
[neverhack.com/en.html]
[neverhack.com/en/legals/conditions/usage.html]
[neverhack.com/build/assets/Browse-Ci8Ctb8p.css]
[neverhack.com/build/assets/Index-COQZs_ow.css]
[neverhack.com/build/assets/Index-Bax6u8LL.js]
[neverhack.com/build/assets/Browse-MoPyBtOr.js]
[neverhack.com/et/use-cases.html]
[neverhack.com/es/use-cases.html]
[neverhack.com/fr/use-cases.html]
[neverhack.com/it/use-cases.html]
[neverhack.com/images/bg-browser.png]
[neverhack.com/images/AllUseCaseIllustration.png]
[neverhack.com/en/use-cases.html]
[neverhack.com/build/assets/PageNavBar-BSchdT_i.css]
[neverhack.com/build/assets/SearchBar-BJjy5sWg.css]
[neverhack.com/build/assets/OfferCategory-B4OcQWO6.css]
[neverhack.com/build/assets/Card-C0bXSgz4.css]
[neverhack.com/build/assets/Index-DEbD31So.css]
[neverhack.com/build/assets/Index-DvNa7lLB.js]
[neverhack.com/build/assets/PageNavBar-smuDREjW.js]
[neverhack.com/build/assets/SearchBar-Jh02c-9o.js]
[neverhack.com/build/assets/OfferCategory-DWPCxeEZ.js]
[neverhack.com/build/assets/Card-CyvVUGWS.js]
[neverhack.com/build/assets/index-BaxqIuQc.js]
[neverhack.com/build/assets/AnimatedImage-BUnhYUfO.js]
[neverhack.com/build/assets/utils-D1OA0j0r.js]
[neverhack.com/et/offers.html]
[neverhack.com/es/offers.html]
[neverhack.com/fr/offers.html]
[neverhack.com/it/offers.html]
[neverhack.com/videos/hero/offers.mp4]
[neverhack.com/en/offers.html]
[neverhack.com/build/assets/useFilters--fbAyoV2.css]
[neverhack.com/build/assets/Index-DOPonqw7.css]
[neverhack.com/build/assets/Index-CkpGnKzO.js]
[neverhack.com/build/assets/useFilters-SoVTPXBa.js]
[neverhack.com/et/news.html]
[neverhack.com/es/news.html]
[neverhack.com/fr/news.html]
[neverhack.com/it/news.html]
[neverhack.com/videos/hero/news.mp4]
[neverhack.com/en/news.html]
[neverhack.com/build/assets/JobProcess-BqM_whLM.css]
[neverhack.com/build/assets/JobsRoles-B1NoJLxu.css]
[neverhack.com/build/assets/Recruitment-CS-rqfDf.css]
[neverhack.com/build/assets/Recruitment-BryCXxmK.js]
[neverhack.com/build/assets/JobProcess-CVTIXjt5.js]
[neverhack.com/build/assets/JobsRoles-DhJex1ni.js]
[neverhack.com/et/careers.html]
[neverhack.com/es/careers.html]
[neverhack.com/fr/careers.html]
[neverhack.com/it/careers.html]
[neverhack.com/videos/hero/careers.qt]
[neverhack.com/videos/hero/careers.webm]
[neverhack.com/videos/hero/jobs.qt]
[neverhack.com/videos/hero/jobs.webm]
[neverhack.com/en/careers.html]
[neverhack.com/build/assets/Index-jio6N8xQ.css]
[neverhack.com/build/assets/Index-B8iPL3TY.js]
[neverhack.com/et/jobs.html]
[neverhack.com/es/jobs.html]
[neverhack.com/fr/jobs.html]
[neverhack.com/en/jobs.html]
[neverhack.com/it/jobs.html]
[neverhack.com/build/assets/KeyNumber-Dvw32GBz.css]
[neverhack.com/build/assets/Timeline-py2tn3TN.css]
[neverhack.com/build/assets/Vision-BL2VFKMe.css]
[neverhack.com/build/assets/Index-C4VElQ9X.css]
[neverhack.com/build/assets/Index-COgb9zBU.js]
[neverhack.com/build/assets/KeyNumber-CDkflECB.js]
[neverhack.com/build/assets/Timeline-CPVX0INK.js]
[neverhack.com/build/assets/Vision-BzFuBEIQ.js]
[neverhack.com/build/assets/logo-no-text-DP6lopeL.js]
[neverhack.com/et/about.html]
[neverhack.com/es/about.html]
[neverhack.com/fr/about.html]
[neverhack.com/it/about.html]
[neverhack.com/images/vision.png]
[showcase-prod.s3.rbx.io.cloud.ovh.net/136/silicom.png]
[showcase-prod.s3.rbx.io.cloud.ovh.net/126/seela.png]
[showcase-prod.s3.rbx.io.cloud.ovh.net/127/prophecy.png]
[showcase-prod.s3.rbx.io.cloud.ovh.net/129/opencyber.png]
[showcase-prod.s3.rbx.io.cloud.ovh.net/130/harmonie.png]
[showcase-prod.s3.rbx.io.cloud.ovh.net/108/Cyber-unity_training_battlehack.png]
[showcase-prod.s3.rbx.io.cloud.ovh.net/131/neverhack.png]
[showcase-prod.s3.rbx.io.cloud.ovh.net/132/expertline.png]
[showcase-prod.s3.rbx.io.cloud.ovh.net/134/Cybers.png]
[showcase-prod.s3.rbx.io.cloud.ovh.net/133/innovery.png]
[neverhack.com/en/about.html]
[neverhack.com/build/assets/ContactForm-BRkdqDCE.css]
[neverhack.com/build/assets/ContactOffices-D6Pf6t9t.css]
[neverhack.com/build/assets/RadioOption-8T5nlz4n.css]
[neverhack.com/build/assets/Index-ZxBscQTX.css]
[neverhack.com/build/assets/Index-BV5eUQB_.js]
[neverhack.com/build/assets/ContactForm-dtFZkpUi.js]
[neverhack.com/build/assets/ContactOffices-Dc3Ro_PW.js]
[neverhack.com/build/assets/check-D89mR0YD.js]
[neverhack.com/build/assets/RadioOption-DOVP_Go9.js]
[neverhack.com/et/contact.html]
[neverhack.com/es/contact.html]
[neverhack.com/fr/contact.html]
[neverhack.com/it/contact.html]
[neverhack.com/en/contact.html]
[neverhack.com/en/legals/privacy.html]
[neverhack.com/build/assets/Index-CSPklTS7.css]
[neverhack.com/build/assets/Index-D5qaBr-d.js]
[neverhack.com/et/press.html]
[neverhack.com/es/press.html]
[neverhack.com/fr/press.html]
[neverhack.com/en/press.html]
[neverhack.com/it/press.html]
[neverhack.com/build/assets/LegalSidebar-C37JzSJD.css]
[neverhack.com/build/assets/Index-DVJ8ofRP.css]
[neverhack.com/build/assets/Index-CDyTQx22.js]
[neverhack.com/build/assets/LegalSidebar-B24V3CUf.js]
[neverhack.com/et/compliance.html]
[neverhack.com/es/compliance.html]
[neverhack.com/fr/compliance.html]
[neverhack.com/it/compliance.html]
[neverhack.com/en/legals/conditions/sale.html]
[neverhack.com/documents/compliance/IT_-Politica-per-la-Parita-di-genere-la-Diversita-e-lInclusione-1.pdf]
[neverhack.com/documents/compliance/SGS_UNI_PdR-125_2022_IT2500001647_IT.pdf]
[neverhack.com/documents/compliance/SGS_UNI_PdR-125_2022_IT2500001647_EN.pdf]
[neverhack.com/documents/compliance/IT-MOGC-Parte-Generale-v1.0_NH-1.pdf]
[neverhack.com/documents/compliance/Codice-Etico-e-di-Condotta_v2.0_NH-1.pdf]
[neverhack.com/documents/compliance/Innovery-Group_Sustainability-Report-2024_signed-1.pdf]
[neverhack.com/en/compliance.html]
[neverhack.com/build/assets/Index-BtsOr62O.css]
[neverhack.com/build/assets/Index-DzWRUtWo.js]
[neverhack.com/et/certifications.html]
[neverhack.com/es/certifications.html]
[neverhack.com/fr/certifications.html]
[neverhack.com/it/certifications.html]
[neverhack.com/documents/certifications/images/iso-27001.jpg]
[neverhack.com/documents/certifications/pdf/ISO 27001_URS. NEVERHACK SPAIN 27k VAR 2025_Madrid IT-ES+EN.pdf]
[neverhack.com/documents/certifications/images/iso-14001.jpg]
[neverhack.com/documents/certifications/pdf/ISO 14001_URS. NEVERHACK SPAIN 14k VAR 2025_Madrid IT-ES_EN.pdf]
[neverhack.com/documents/certifications/images/iso-9001.jpg]
[neverhack.com/documents/certifications/pdf/ISO 9001_URS. NEVERHACK SPAIN 9k VAR 2025_Madrid IT-ES+EN.pdf]
[neverhack.com/documents/certifications/images/ens.jpg]
[neverhack.com/documents/certifications/pdf/Certificado ENS Adok.pdf]
[neverhack.com/en/certifications.html]
[neverhack.com/build/assets/link-BrKNQ4Xj.css]
[neverhack.com/build/assets/PrivacyPolicy-Ct7bArVv.js]
[neverhack.com/build/assets/Layout-BMOjdigP.js]
[neverhack.com/build/assets/link-C5fr4yn7.js]
[neverhack.com/et/legals/information-security-policy.html]
[neverhack.com/es/legals/information-security-policy.html]
[neverhack.com/fr/legals/information-security-policy.html]
[neverhack.com/en/legals/information-security-policy.html]
[neverhack.com/it/legals/information-security-policy.html]
[neverhack.com/build/assets/ResearchContent-C0f5LFFf.css]
[neverhack.com/build/assets/Research-PR12SRh_.css]
[neverhack.com/build/assets/Research-mHFrIDzo.js]
[neverhack.com/build/assets/ResearchContent-DS_5BWPo.js]
[neverhack.com/et/research/advise.html]
[neverhack.com/es/research/advise.html]
[neverhack.com/fr/research/advise.html]
[neverhack.com/it/research/advise.html]
[neverhack.com/_https_/showcase-prod.s3.rbx.io.cloud.ovh.net/04ba8c06-e320-46c3-a.png/_]
[neverhack.com/_https_/www.ec.europa.eu/__www.ec.europa.eu_/a_]
[neverhack.com/_https_/www.regione.campania.it/__www.regione.campania.it_/a_]
[neverhack.com/_http_/www.porfesr.regione.campania.it/__www.porfesr.regione.campania.it_/a_]
[neverhack.com/en/research/advise.html]
[showcase-prod.s3.rbx.io.cloud.ovh.net/04ba8c06-e320-46c3-a.png]
[neverhack.com/et/research/cloud-security.html]
[neverhack.com/es/research/cloud-security.html]
[neverhack.com/fr/research/cloud-security.html]
[neverhack.com/it/research/cloud-security.html]
[neverhack.com/_https_/showcase-prod.s3.rbx.io.cloud.ovh.net/52188cce-288b-4ecb-9.png/_]
[neverhack.com/_https_/www.sardegnaprogrammazione.it/__www.sardegnaprogrammazione.it_/a__/p__p_The]
[showcase-prod.s3.rbx.io.cloud.ovh.net/52188cce-288b-4ecb-9.png]
[neverhack.com/en/research/cloud-security.html]
[neverhack.com/et/research/big-energy-data-analytics-efficiency.html]
[neverhack.com/es/research/big-energy-data-analytics-efficiency.html]
[neverhack.com/fr/research/big-energy-data-analytics-efficiency.html]
[neverhack.com/it/research/big-energy-data-analytics-efficiency.html]
[neverhack.com/_https_/showcase-prod.s3.rbx.io.cloud.ovh.net/3c7d3f9c-3c12-4954-9.png/_]
[neverhack.com/_https_/www.sardegnaprogrammazione.it/__www.sardegnaprogrammazione.it_/a_]
[neverhack.com/en/research/_mailto_info@innovery.net/__info@innovery.net_/a_]
[showcase-prod.s3.rbx.io.cloud.ovh.net/3c7d3f9c-3c12-4954-9.png]
[neverhack.com/en/research/big-energy-data-analytics-efficiency.html]
[neverhack.com/et/research/innovated.html]
[neverhack.com/es/research/innovated.html]
[neverhack.com/fr/research/innovated.html]
[neverhack.com/it/research/innovated.html]
[neverhack.com/_https_/showcase-prod.s3.rbx.io.cloud.ovh.net/bdd0d280-6224-4cf2-8.jpg/_]
[neverhack.com/_https_/www.sardegnaprogrammazione.it/__www.sardegnaprogrammazione.it._/a__/p__p__strong_CUP__/strong_]
[showcase-prod.s3.rbx.io.cloud.ovh.net/bdd0d280-6224-4cf2-8.jpg]
[neverhack.com/en/research/innovated.html]
[neverhack.com/et/research/spain-extension.html]
[neverhack.com/es/research/spain-extension.html]
[neverhack.com/fr/research/spain-extension.html]
[neverhack.com/it/research/spain-extension.html]
[neverhack.com/_https_/showcase-prod.s3.rbx.io.cloud.ovh.net/1bc2b8e7-1ff9-4c2e-9.png/_]
[neverhack.com/_https_/www.sardegnaprogrammazione.it/__www.sardegnaprogrammazione.it_/a__/p__p__strong_CUP_/strong_]
[showcase-prod.s3.rbx.io.cloud.ovh.net/1bc2b8e7-1ff9-4c2e-9.png]
[neverhack.com/en/research/spain-extension.html]
[neverhack.com/et/research/lap.html]
[neverhack.com/es/research/lap.html]
[neverhack.com/fr/research/lap.html]
[neverhack.com/it/research/lap.html]
[neverhack.com/_https_/showcase-prod.s3.rbx.io.cloud.ovh.net/37db9f47-56f6-4b8b-8.png/_]
[showcase-prod.s3.rbx.io.cloud.ovh.net/37db9f47-56f6-4b8b-8.png]
[neverhack.com/en/research/lap.html]
[neverhack.com/et/research/pisdas.html]
[neverhack.com/es/research/pisdas.html]
[neverhack.com/fr/research/pisdas.html]
[neverhack.com/it/research/pisdas.html]
[neverhack.com/_https_/showcase-prod.s3.rbx.io.cloud.ovh.net/f54ebd04-f9dc-4ede-8.jpg/_]
[showcase-prod.s3.rbx.io.cloud.ovh.net/f54ebd04-f9dc-4ede-8.jpg]
[neverhack.com/en/research/pisdas.html]
[neverhack.com/et/research/secri.html]
[neverhack.com/es/research/secri.html]
[neverhack.com/fr/research/secri.html]
[neverhack.com/it/research/secri.html]
[neverhack.com/_https_/showcase-prod.s3.rbx.io.cloud.ovh.net/7260cf86-f5dc-4354-a.jpg/_]
[showcase-prod.s3.rbx.io.cloud.ovh.net/7260cf86-f5dc-4354-a.jpg]
[neverhack.com/en/research/secri.html]
[neverhack.com/et/research/tree4nb.html]
[neverhack.com/es/research/tree4nb.html]
[neverhack.com/fr/research/tree4nb.html]
[neverhack.com/it/research/tree4nb.html]
[neverhack.com/_https_/showcase-prod.s3.rbx.io.cloud.ovh.net/cd66638e-ecd1-4624-9.png/_]
[showcase-prod.s3.rbx.io.cloud.ovh.net/cd66638e-ecd1-4624-9.png]
[neverhack.com/en/research/tree4nb.html]
[neverhack.com/et/research/borgo-4-0.html]
[neverhack.com/es/research/borgo-4-0.html]
[neverhack.com/fr/research/borgo-4-0.html]
[neverhack.com/it/research/borgo-4-0.html]
[neverhack.com/_https_/showcase-prod.s3.rbx.io.cloud.ovh.net/15ade8f4-38ee-4cd8-a.jpg/_]
[neverhack.com/_https_/www.borgo40.eu/__https_/www.borgo40.eu/_/a__/p__p__br__/p__p__img]
[neverhack.com/_https_/showcase-prod.s3.rbx.io.cloud.ovh.net/b9340e58-9178-464c-8.jpg/_]
[showcase-prod.s3.rbx.io.cloud.ovh.net/15ade8f4-38ee-4cd8-a.jpg]
[neverhack.com/en/research/borgo-4-0.html]
[showcase-prod.s3.rbx.io.cloud.ovh.net/b9340e58-9178-464c-8.jpg]
[neverhack.com/build/assets/Index-CDAU7-it.css]
[neverhack.com/build/assets/Index-BipHbJlL.js]
[neverhack.com/et/sitemap.html]
[neverhack.com/es/sitemap.html]
[neverhack.com/fr/sitemap.html]
[neverhack.com/en/sitemap.html]
[neverhack.com/it/sitemap.html]
[neverhack.com/build/assets/CaseStudyOffersList-WOICwQUd.css]
[neverhack.com/build/assets/ArticleHero-8dGhlent.css]
[neverhack.com/build/assets/ArticleTableOfContents-3MGvCXfy.css]
[neverhack.com/build/assets/SocialShare--yVpJyCA.css]
[neverhack.com/build/assets/Single-6-RrT1Vf.css]
[neverhack.com/build/assets/Single-rz6N0juz.js]
[neverhack.com/build/assets/CaseStudyOffersList-C4ryhhHU.js]
[neverhack.com/build/assets/ArticleHero-AgfeJjTq.js]
[neverhack.com/build/assets/ArticleTableOfContents-DPFI7jZf.js]
[neverhack.com/build/assets/SocialShare-DPfPbQiT.js]
[neverhack.com/et/news/kui-uks-seade-pole-piisav-oppetunnid-korge-kattesaadavuse-ja-katastroofide-taastamise.html]
[neverhack.com/es/news/cuando-un-dispositivo-no-es-suficiente-lecciones-en-alta-disponibilidad-y-recuperacion-de-desastres.html]
[neverhack.com/fr/news/un-appareil-pas-suffisant-ha-dr.html]
[neverhack.com/it/news/quando-un-dispositivo-non-e-sufficiente-lezioni-in-alta-disponibilita-e-ripristino-in-caso-di-disastro.html]
[neverhack.com/en/news/when-one-appliance-isnt-enough-lessons-in-high-availability-and-disaster-recovery.html]
[neverhack.com/proxy/354/Photo-article.png]
[neverhack.com/et/news/kuberturvalisuse-trendid-2026-valjakutsed-ja-kaitsestrateegia-blog.html]
[neverhack.com/es/news/tendencias-de-ciberseguridad-2026-desafios-y-estrategia-de-proteccion-blog.html]
[neverhack.com/fr/news/tendances-de-cybersecurite-2026-defis-et-strategie-de-protection-blog.html]
[neverhack.com/it/news/tendenze-di-cybersicurezza-2026-sfide-e-strategia-di-protezione-blog.html]
[neverhack.com/_https_/www.verizon.com/business/resources/reports/dbir/__Verizon]
[neverhack.com/_https_/www.microsoft.com/en-us/security/security-insider/threat-landscape/microsoft-digital-defense-report-2025/__Microsoft]
[neverhack.com/_https_/csrc.nist.gov/publications/detail/sp/800-207/final/__NIST_/a_]
[neverhack.com/_https_/csrc.nist.gov/projects/post-quantum-cryptography/__NIST_/a_]
[neverhack.com/_https_/www.cisa.gov/quantum/__CISA]
[neverhack.com/_https_/www.isc2.org/Insights/2024/10/ISC2-2024-Cybersecurity-Workforce-Study/__ISC²]
[neverhack.com/_https_/www.enisa.europa.eu/topics/skills-and-competences/__ENISA_/a_]
[neverhack.com/_https_/neverhack.com/es/contact/__contact]
[neverhack.com/proxy/350/Imagen1x.png]
[neverhack.com/en/news/cybersecurity-trends-2026-challenges-and-protection-strategy-blog.html]
[neverhack.com/es/news/cuando-el-dinero-no-conoce-fronteras-limite-de-seguridad.html]
[neverhack.com/fr/news/quand-largent-ne-connait-pas-de-frontieres-securite-limite.html]
[neverhack.com/it/news/quando-il-denaro-non-conosce-confini-limite-di-sicurezza.html]
[neverhack.com/_/en/offers/data-security/__attack]
[neverhack.com/proxy/342/neverhack-money-security-transfer.jpg]
[neverhack.com/en/news/when-money-knows-no-borders-security-limit.html]
[neverhack.com/es/news/ransomware-ghostredirector-informe-cti.html]
[neverhack.com/fr/news/ransomware-ghostredirector-rapport-cti.html]
[neverhack.com/it/news/ransomware-ghostredirector-rapporto-cti.html]
[neverhack.com/_https_/showcase-prod.s3.rbx.io.cloud.ovh.net/71775774-0c91-4d5c-a.png/_]
[neverhack.com/_https_/showcase-prod.s3.rbx.io.cloud.ovh.net/f4ff5c1a-3e49-4d2f-8.png/_]
[neverhack.com/_https_/showcase-prod.s3.rbx.io.cloud.ovh.net/bd8edc3e-e786-40de-8.png/_]
[neverhack.com/_https_/showcase-prod.s3.rbx.io.cloud.ovh.net/d883ae9e-d234-4e66-8.png/_]
[neverhack.com/_https_/showcase-prod.s3.rbx.io.cloud.ovh.net/ceca33df-8818-4686-b.png/_]
[neverhack.com/_https_/showcase-prod.s3.rbx.io.cloud.ovh.net/b49fabc1-b8e8-47fc-9.png/_]
[neverhack.com/_https_/showcase-prod.s3.rbx.io.cloud.ovh.net/91d7b6ca-fb8d-4c12-8.png/_]
[neverhack.com/_https_/showcase-prod.s3.rbx.io.cloud.ovh.net/cd3c159d-5f8d-4d83-8.png/_]
[neverhack.com/_https_/showcase-prod.s3.rbx.io.cloud.ovh.net/d3d5b65d-e5f6-4e76-a.png/_]
[neverhack.com/_https_/showcase-prod.s3.rbx.io.cloud.ovh.net/8b8c749f-8bd8-4337-b.png/_]
[neverhack.com/_https_/showcase-prod.s3.rbx.io.cloud.ovh.net/3619a3d1-6858-4ee2-8.png/_]
[neverhack.com/_https_/github.com/eset/malware-ioc/tree/master/GhostRedirector/__https_/github.com/eset/malware-ioc/tree/master/GhostRedirector_/a__/p__p__br__/p__h3_MOVE]
[neverhack.com/proxy/341/Rapport-CTI.jpg]
[neverhack.com/_https_/www.welivesecurity.com/en/eset-research/ghostredirector-poisons-windows-servers-backdoo/__https_/www.welivesecurity.com/en/eset-research/ghostredir/li__li.1d2.delaye]
[showcase-prod.s3.rbx.io.cloud.ovh.net/71775774-0c91-4d5c-a.png]
[showcase-prod.s3.rbx.io.cloud.ovh.net/f4ff5c1a-3e49-4d2f-8.png]
[showcase-prod.s3.rbx.io.cloud.ovh.net/bd8edc3e-e786-40de-8.png]
[showcase-prod.s3.rbx.io.cloud.ovh.net/d883ae9e-d234-4e66-8.png]
[showcase-prod.s3.rbx.io.cloud.ovh.net/ceca33df-8818-4686-b.png]
[showcase-prod.s3.rbx.io.cloud.ovh.net/b49fabc1-b8e8-47fc-9.png]
[showcase-prod.s3.rbx.io.cloud.ovh.net/91d7b6ca-fb8d-4c12-8.png]
[showcase-prod.s3.rbx.io.cloud.ovh.net/cd3c159d-5f8d-4d83-8.png]
[showcase-prod.s3.rbx.io.cloud.ovh.net/d3d5b65d-e5f6-4e76-a.png]
[showcase-prod.s3.rbx.io.cloud.ovh.net/8b8c749f-8bd8-4337-b.png]
[showcase-prod.s3.rbx.io.cloud.ovh.net/3619a3d1-6858-4ee2-8.png]
[neverhack.com/en/news/ransomware-ghostredirector-report-cti.html]
[neverhack.com/et/news/soc-30-areng-intelligentse-ja-inimlikum-turvaoperatsioonide-keskuseks.html]
[neverhack.com/es/news/soc-30-la-evolucion-hacia-un-centro-de-operaciones-de-seguridad-inteligente-y-humanizado.html]
[neverhack.com/fr/news/soc-30-levolution-vers-un-centre-doperations-de-securite-intelligent-et-humanise.html]
[neverhack.com/it/news/soc-30-levoluzione-verso-un-centro-di-operazioni-di-sicurezza-intelligente-e-umanizzato.html]
[neverhack.com/_https_/www.isc2.org/research/__the]
[neverhack.com/en/news/soc-30-the-evolution-toward-an-intelligent-and-humanized-security-operations-center-blog.html]
[neverhack.com/proxy/336/AdobeStock_1177154124.jpg]
[neverhack.com/es/news/guia-completa-de-iam-estrategias-y-herramientas-para-la-gestion-eficiente-de-identidades-blog.html]
[neverhack.com/fr/news/guide-complet-des-strategies-et-outils-iam-pour-une-gestion-efficace-des-identites-blog.html]
[neverhack.com/it/news/guida-completa-alle-strategie-e-agli-strumenti-iam-per-una-gestione-efficiente-delle-identita-blog.html]
[neverhack.com/proxy/335/Imagen1.jpg]
[neverhack.com/en/news/complete-guide-to-iam-strategies-and-tools-for-efficient-identity-management-blog.html]
[neverhack.com/es/news/ciberseguridad-para-el-comite-de-direccion-de-centro-de-coste-a-inversion-estrategica-blog.html]
[neverhack.com/fr/news/cybersecurite-pour-le-comite-de-direction-du-centre-de-couts-a-linvestissement-strategique-blog.html]
[neverhack.com/it/news/cybersecurity-per-il-comitato-di-direzione-del-centro-di-costo-allinvestimento-strategico-blog.html]
[neverhack.com/_https_/www.ibm.com/reports/data-breach/__2024]
[neverhack.com/_https_/thehackernews.com/2025/09/cracking-boardroom-code-helping-cisos.html/__Gartner,]
[neverhack.com/_https_/hbr.org/2025/05/boards-need-a-more-active-approach-to-cybersecurity/__recent]
[neverhack.com/_https_/www.secureworks.com/centers/boardroom-cybersecurity-report-2024/__Gartner_/a_,]
[neverhack.com/en/news/cybersecurity-for-the-management-committee-of-the-cost-center-to-strategic-investment-blog.html]
[neverhack.com/proxy/327/AdobeStock_571264431.jpg]
[neverhack.com/et/news/neverhack-netskope-hallatud-sse-partnerlus.html]
[neverhack.com/es/news/neverhack-netskope-partnership-sse-gestionado-next-generation-news.html]
[neverhack.com/fr/news/neverhack-netskope-gere-sse-partenariat.html]
[neverhack.com/it/news/neverhack-netskope-gestito-sse-partenariato.html]
[neverhack.com/_https_/neverhack.com/en/campaign/neverhack-netskope/__NEVERHACK]
[neverhack.com/_https_/www.netskope.com/press-releases/neverhack-and-netskope-partner-to-deliver-next-generation-managed-sse-services-for-the-ai-and-zero-trust-era/__NEVERHACK]
[neverhack.com/proxy/322/NEW-generation-sse-service-(2).png]
[neverhack.com/en/news/neverhack-netskope-managed-sse-partnership.html]
[neverhack.com/et/news/postkvantumkruptograafia-riskid-migratsioon-turvalisus.html]
[neverhack.com/es/news/criptografia-post-cuantica-riesgos-actuales-blog.html]
[neverhack.com/fr/news/cryptographie-post-quantique-risques-migration-securite.html]
[neverhack.com/it/news/crittografia-post-quantistica-rischi-migrazione-sicurezza.html]
[neverhack.com/_https_/neverhack.com/en/offers/data-security/__For]
[neverhack.com/proxy/317/pqc-neverhack.jpg]
[neverhack.com/en/news/post-quantum-cryptography-risks-migration-security.html]
[neverhack.com/es/news/integracion-hibrida-gestion-centralizada-y-segura-de-datos-apis-y-eventos-en-el-ecosistema-digital-blog.html]
[neverhack.com/fr/news/integration-hybride-gestion-centralisee-et-securisee-des-donnees-apis-et-evenements-dans-l-ecosysteme-numerique-blog.html]
[neverhack.com/it/news/integrazione-ibrida-gestione-centralizzata-e-sicura-dei-dati-apis-e-eventi-nell-ecosistema-digitale-blog.html]
[neverhack.com/_https_/showcase-prod.s3.rbx.io.cloud.ovh.net/e0e6b41d-ffcb-40c3-8.png/_]
[neverhack.com/en/news/_mailto_info.es@neverhack.com/__contact]
[neverhack.com/_https_/showcase-prod.s3.rbx.io.cloud.ovh.net/3261eb36-d4d1-4ec0-a.png/_]
[neverhack.com/proxy/313/AdobeStock_1022629053.jpg]
[showcase-prod.s3.rbx.io.cloud.ovh.net/e0e6b41d-ffcb-40c3-8.png]
[neverhack.com/en/news/hybrid-integration-centralized-and-secure-data-management-apis-and-events-in-the-digital-ecosystem-blog.html]
[showcase-prod.s3.rbx.io.cloud.ovh.net/3261eb36-d4d1-4ec0-a.png]
[neverhack.com/et/news/bec-pettus-voi-ceo-pettus-kuidas-see-tootab.html]
[neverhack.com/es/news/fraude-bec-o-fraude-del-ceo-como-funciona.html]
[neverhack.com/fr/news/fraude-bec-ou-fraude-du-ceo-comment-fonctionne.html]
[neverhack.com/it/news/frode-bec-o-frode-del-ceo-come-funziona.html]
[neverhack.com/proxy/309/AdobeStock_308190490.jpg]
[neverhack.com/en/news/bec-fraud-or-ceo-fraud-how-it-works.html]
[neverhack.com/es/news/confianza-cero-madurez-evolucion-mejores-practicas-ztna.html]
[neverhack.com/fr/news/confiance-zero-maturite-evolution-meilleures-pratiques-ztna.html]
[neverhack.com/it/news/zero-trust-maturita-evoluzione-migliori-pratiche-ztna.html]
[neverhack.com/proxy/304/zerotrust.jpg]
[neverhack.com/en/news/zero-trust-maturity-evolution-best-practices-ztna.html]
[neverhack.com/et/news/relvastamise-ajastu-ai-kuberrelv.html]
[neverhack.com/es/news/era-de-la-armamentizacion-ia-ciberarma.html]
[neverhack.com/fr/news/ere-darmement-ia-cyber-arme.html]
[neverhack.com/it/news/era-della-weaponization-ia-cyber-arma.html]
[neverhack.com/_https_/sqmagazine.co.uk/ai-cyber-attacks-statistics/__https_/sqmagazine.co.uk/ai-cyber-attacks-statistics/_/a__/li__li]
[neverhack.com/_https_/neverhack.com/en/offers/soc-mssp/__https_/neverhack.com/en/offers/soc-mssp_/a__/p__p__a]
[neverhack.com/_https_/www.crowdstrike.com/en-us/blog/crowdstrike-2025-threat-hunting-report-ai-weapo/__https_/www.crowdstrike.com/en-us/blog/crowdstrike-2025-threa/ol__h3__strong_In.218.d]
[neverhack.com/_https_/www.aiacceleratorinstitute.com/how-ai-is-redefining-cyber-attack-and-defense-s/__https_/www.aiacceleratorinstitute.com/how-ai-is-redefining-cyber-a/li__li.217.delaye]
[neverhack.com/_https_/neverhack.com/en/offers/offensive-security/__https_/neverhack.com/en/offers/offensive-security_/a__/p__p__br__/p__p__em_Raffaele]
[neverhack.com/en/news/weaponization-era-ai-cyber-weapon.html]
[neverhack.com/proxy/303/3-ottobre_sito.png]
[neverhack.com/et/news/kuni-kaugele-voib-teie-infrastruktuur-tegelikult-ulatuda.html]
[neverhack.com/es/news/hasta-donde-puede-llegar-tu-infraestructura-it-blog.html]
[neverhack.com/fr/news/jusquou-peut-reellement-aller-votre-infrastructure.html]
[neverhack.com/it/news/fino-a-dove-puo-davvero-spingersi-la-tua-infrastruttura.html]
[neverhack.com/_https_/neverhack.com/en/offers/incident-response/__critical]
[neverhack.com/_https_/neverhack.com/en/offers/resilience-center/__]
[neverhack.com/_https_/neverhack.com/es/contact/__Get]
[neverhack.com/proxy/299/jj-ying-8bghKxNU1j0-unsplash.jpg]
[neverhack.com/en/news/how-far-can-yout-infrastructure-really-go-blog.html]
[neverhack.com/es/news/automatizacion-conectividad-cadena-de-suministro-segura-blog.html]
[neverhack.com/fr/news/automatisation-connectivite-chaine-dapprovisionnement-securisee-blog.html]
[neverhack.com/it/news/automazione-connettivita-supply-chain-protette-blog.html]
[neverhack.com/proxy/295/Neverhack_cadena-de-suministro.jpg]
[neverhack.com/en/news/automation-connectivity-secure-supply-chain-blog.html]
[neverhack.com/et/news/neverhack-ja-group-ib-teevad-koostood-sihitud-pettuse-ennetuse-pakkumiseks-korge-riskiga-sektorites-blog.html]
[neverhack.com/es/news/neverhack-y-group-ib-se-unen-para-ofrecer-prevencion-de-fraude-dirigida-a-sectores-criticos-press.html]
[neverhack.com/fr/news/neverhack-et-group-ib-sassocient-pour-offrir-une-prevention-du-fraude-ciblee-dans-des-secteurs-a-haut-risque-blog.html]
[neverhack.com/it/news/neverhack-e-group-ib-si-associano-per-offrire-la-prevenzione-della-frode-mirata-nei-settori-ad-alto-rischio-blog.html]
[neverhack.com/_https_/www.group-ib.com/products/unified-risk-platform/__Unified]
[neverhack.com/_https_/www.group-ib.com/products/threat-intelligence/__Threat]
[neverhack.com/_https_/www.group-ib.com/products/digital-risk-protection/__Digital]
[neverhack.com/_https_/www.group-ib.com/products/managed-xdr/__Managed]
[neverhack.com/_https_/www.group-ib.com/products/business-email-protection/__Business]
[neverhack.com/_https_/www.group-ib.com/products/attack-surface-management/__External]
[neverhack.com/_https_/www.group-ib.com/products/fraud-protection/__Fraud]
[neverhack.com/_https_/www.group-ib.com/products/fraud-protection/fraud-matrix/__Fraud]
[neverhack.com/en/news/neverhack-and-group-ib-partner-to-deliver-targeted-fraud-prevention-across-high-risk-sectors-blog.html]
[neverhack.com/proxy/291/AdobeStock_270047896.jpg]
[neverhack.com/et/news/rakenduse-ja-andmekaitse-arendamisel-devsecops-ja-turvalisus-disaini-pohiselt-blog.html]
[neverhack.com/es/news/aplicacion-y-proteccion-de-datos-en-desarrollo-devsecops-y-security-by-design-blog.html]
[neverhack.com/fr/news/application-et-protection-des-donnees-en-developpement-devsecops-et-securite-par-conception-blog.html]
[neverhack.com/it/news/applicazione-e-protezione-dei-dati-in-sviluppo-devsecops-e-sicurezza-per-design-blog.html]
[neverhack.com/en/news/application-and-data-protection-in-development-devsecops-and-security-by-design-blog.html]
[neverhack.com/proxy/290/AdobeStock_316388227.jpg]
[neverhack.com/es/news/ciberseguridad-en-vehiculos-electricos-movilidad-conectada-y-protegida-blog.html]
[neverhack.com/fr/news/cybersecurite-dans-les-vehicules-electriques-mobilite-connectee-et-protegee-blog.html]
[neverhack.com/it/news/cybersicurezza-nei-veicoli-elettrici-mobilita-connessa-e-protetta-blog.html]
[neverhack.com/en/news/cybersecurity-in-electric-vehicles-connected-and-protected-mobility-blog.html]
[neverhack.com/proxy/279/AdobeStock_497954906.jpg]
[neverhack.com/es/news/el-modelo-zero-trust-en-el-intercambio-de-datos-y-entornos-b2b-blog.html]
[neverhack.com/fr/news/le-modele-zero-trust-dans-lechange-de-donnees-et-les-environnements-b2b-blog.html]
[neverhack.com/it/news/il-modello-zero-trust-negli-ambienti-data-exchange-b2b-blog.html]
[neverhack.com/proxy/270/jakub-zerdzicki-itgsDhR1e2w-unsplash.jpg]
[neverhack.com/en/news/the-zero-trust-model-in-data-exchange-and-b2b-environments-blog.html]
[neverhack.com/es/news/sailpoint-formularios-del-caos-al-control.html]
[neverhack.com/fr/news/sailpoint-formulaires-du-chaos-au-controle.html]
[neverhack.com/it/news/sailpoint-moduli-dal-caos-al-controllo.html]
[neverhack.com/proxy/266/use-case-4.png]
[neverhack.com/en/news/sailpoint-forms-from-chaos-to-control.html]
[neverhack.com/es/news/plan-de-respuesta-a-incidentes-de-ciberseguridad-roles-y-acciones-para-mitigar-danos-blog.html]
[neverhack.com/fr/news/plan-dintervention-en-cybersecurite-roles-et-actions-pour-mitiger-les-dommages-blog.html]
[neverhack.com/it/news/piano-di-risposta-agli-incidenti-di-cybersecurity-ruoli-e-azioni-per-mitigare-i-danni-blog.html]
[neverhack.com/proxy/269/moritz-kindler-hh8l-uq5L48-unsplash-(1).jpg]
[neverhack.com/en/news/cybersecurity-incident-response-plan-roles-and-actions-to-mitigate-damage-blog.html]
[neverhack.com/et/news/virtuaalsete-seadmete-selgitatud.html]
[neverhack.com/es/news/el-secreto-detras-de-una-conectividad-sin-interrupciones-en-sailpoint-explicacion-de-los-virtual-appliances-blog.html]
[neverhack.com/fr/news/appliances-virtuelles-expliquees.html]
[neverhack.com/it/news/appliance-virtuali-spiegati.html]
[neverhack.com/proxy/256/va-sailpoint.png]
[neverhack.com/en/news/virtual-appliances-explained.html]
[neverhack.com/et/news/roi-of-kuberturvalisus-poolt-voimestatud-openxdr-blogi.html]
[neverhack.com/es/news/el-roi-de-la-ciberseguridad-potenciado-por-openxdr-blog.html]
[neverhack.com/fr/news/le-roi-de-la-cybersecurite-renforcee-par-openxdr-blog.html]
[neverhack.com/it/news/il-roi-della-cybersicurezza-potenziato-da-openxdr-blog.html]
[neverhack.com/_/en/offers/soc-mssp/__contact]
[neverhack.com/en/news/the-roi-of-cybersecurity-empowered-by-openxdr-blog.html]
[neverhack.com/proxy/252/pexels-goumbik-590011.jpg]
[neverhack.com/es/news/caso-de-exito-automatizacion-segura-de-la-infraestructura-electrica-en-espana-blog.html]
[neverhack.com/fr/news/automatisation-securisee-de-linfrastructure-electrique-en-espagne-cas-de-succes.html]
[neverhack.com/it/news/automazione-sicura-dellinfrastruttura-elettrica-in-spagna-caso-di-successo.html]
[neverhack.com/en/news/_mailto_info.es@neverhack.com/__Contact]
[neverhack.com/proxy/207/Imagen---artículo-23-de-abril-2025.png]
[neverhack.com/en/news/secure-automation-of-electrical-infrastructure-in-spain-success-case.html]
[neverhack.com/es/news/ciberregulacion-en-europa-blog.html]
[neverhack.com/fr/news/defis-de-conformite-2025.html]
[neverhack.com/it/news/sfide-di-conformita-2025.html]
[neverhack.com/proxy/236/conformité-2-(1).jpg]
[neverhack.com/en/news/compliance-challenges-2025.html]
[neverhack.com/et/news/pidevad-kuberturvalisuse-auditid-ptaas-blogi.html]
[neverhack.com/es/news/auditorias-de-ciberseguridad-continuas-ptaas-blog.html]
[neverhack.com/fr/news/audits-de-cybersecurite-continuels-ptaas-blog.html]
[neverhack.com/it/news/audit-continui-di-sicurezza-informatica-ptaas-blog.html]
[neverhack.com/proxy/245/pexels-pixabay-60504.jpg]
[neverhack.com/en/news/continuous-cybersecurity-audits-ptaas-blog.html]
[neverhack.com/et/news/rakenda-edi-ilma-infrastruktuurita-jaage-oma-klientidega-kooskolas-ilma-ari-aeglustamata-blog.html]
[neverhack.com/es/news/implementar-edi-sin-infraestructura-mantente-alineado-con-tus-clientes-sin-ralentizar-tu-negocio-blog.html]
[neverhack.com/fr/news/implementer-edi-sans-infrastructure-restez-aligne-avec-vos-clients-sans-ralentir-votre-entreprise-blog.html]
[neverhack.com/it/news/implementa-edi-senza-infrastruttura-rimani-allineato-con-i-tuoi-clienti-senza-rallentare-la-tua-impresa-blog.html]
[neverhack.com/en/news/_mailto_b2bservice@neverhack.com/__b2bservice@neverhack.com_/a__/strong_]
[neverhack.com/en/news/implement-edi-without-infrastructure-stay-aligned-with-your-clients-without-slowing-down-your-business-blog.html]
[neverhack.com/proxy/241/Imagen-articulo-EDI.jpg]
[neverhack.com/es/news/desafios-de-ciberseguridad-el-riesgo-de-ver-solo-mitad-del-problema-blog.html]
[neverhack.com/fr/news/gsoc-cybersecurite-defis-blog.html]
[neverhack.com/it/news/gsoc-sicurezza-informatica-sfide-blog.html]
[neverhack.com/proxy/237/kaffeebart-KrPulSdUetk-unsplash.jpg]
[neverhack.com/en/news/gsoc-cybersecurity-challenges-blog.html]
[neverhack.com/es/news/migracion-de-estandares-swift-a-iso-20022-blog.html]
[neverhack.com/fr/news/migration-des-normes-swift-vers-iso-20022-blog.html]
[neverhack.com/it/news/migrazione-degli-standard-swift-a-iso-20022-blog.html]
[neverhack.com/en/news/migration-from-swift-standards-to-iso-20022-blog.html]
[neverhack.com/proxy/233/towfiqu-barbhuiya-FnA5pAzqhMM-unsplash.jpg]
[neverhack.com/es/news/celebrando-el-dia-de-la-sostenibilidad-nuestro-compromiso-en-neverhack-blog.html]
[neverhack.com/fr/news/celebration-de-la-journee-de-la-durabilite-notre-engagement-sur-neverhack-blog.html]
[neverhack.com/it/news/celebrare-la-giornata-della-sostenibilita-il-nostro-impegno-su-neverhack-blog.html]
[neverhack.com/proxy/226/Imagen-dia-sotenibilidad.jpg]
[neverhack.com/en/news/celebrating-sustainability-day-our-commitment-at-neverhack-blog.html]
[neverhack.com/et/news/miks-vara-haldus-on-kriitiline-kuberjulgeoleku-blog.html]
[neverhack.com/es/news/por-que-la-gestion-de-activos-es-critica-para-la-ciberseguridad-blog.html]
[neverhack.com/fr/news/pourquoi-la-gestion-des-actifs-est-cruciale-pour-la-cybersecurite-blog.html]
[neverhack.com/it/news/perche-la-gestione-degli-asset-e-critica-per-la-cybersicurezza-blog.html]
[neverhack.com/_https_/www.axonius.com/__www.axonius.com_/a__/p__p__br__/p__h2_NEVERHACK_]
[neverhack.com/proxy/220/media-articulo.jpg]
[neverhack.com/en/news/why-asset-management-is-critical-for-cybersecurity-blog.html]
[neverhack.com/es/news/ibm-sterling-data-exchange-moderniza-su-intercambio-de-datos-y-proteja-su-negocio-blog.html]
[neverhack.com/fr/news/ibm-sterling-data-exchange-modernisez-votre-echange-de-donnees-et-protegez-votre-entreprise-blog.html]
[neverhack.com/it/news/ibm-sterling-data-exchange-modernizza-il-tuo-scambio-di-dati-e-proteggi-la-tua-azienda-blog.html]
[neverhack.com/en/news/_mailto_info.mx@neverhack.com/__contact]
[neverhack.com/en/news/ibm-sterling-data-exchange-modernize-your-data-exchange-and-protect-your-business-blog.html]
[neverhack.com/en/news/data-protection-with-predictive-models-blog.html]
[neverhack.com/en/news/business-optimization-and-growth-with-webmethods-ipaas-blog.html]
[neverhack.com/en/news/cybersecurity-business-continuity-simulation.html]
[neverhack.com/en/news/ransomware-and-ai-interview-with-el-universal-news.html]
[neverhack.com/en/news/cybersecurity-chain-transformation-vendor-management-solutions-blog.html]
[neverhack.com/en/news/from-defence-to-resilience-cybersecurity-in-modern-healthcare-blog.html]
[neverhack.com/en/news/back-up-resilience-and-business-continuity-blog.html]
[neverhack.com/en/news/edi-key-efficient-automation-communication-trading-partners.html]
[neverhack.com/en/news/ipla-and-sil-migration-in-swift-blog.html]
[neverhack.com/en/news/third-party-risk-management-blog.html]
[neverhack.com/en/news/2024-cybersecurity-trends-cesin-barometer.html]
[neverhack.com/en/news/introduction-xdr-stellar-cyber.html]
[neverhack.com/en/news/security-management-for-critical-assets-blog.html]
[neverhack.com/en/news/periodic-vulnerability-assessments-blog.html]
[neverhack.com/en/news/innovation-training-neverhack-cyber-escape-room.html]
[neverhack.com/en/news/sensible-approach-cybersecurity.html]
[neverhack.com/en/news/tailored-services-for-cybersecurity-and-access-to-top-talents.html]
[neverhack.com/en/news/incident-response-cybersecurity.html]
[neverhack.com/en/news/cybersecurity-in-2025-challenges-and-strategies.html]
[neverhack.com/en/use-cases/team-awareness.html]
[neverhack.com/en/use-cases/privilege-level.html]
[neverhack.com/en/use-cases/cyber-regulation.html]
[neverhack.com/en/use-cases/data-protection.html]
[neverhack.com/en/use-cases/third-parties-exposure.html]
[neverhack.com/en/use-cases/threat-intelligence.html]
[neverhack.com/en/use-cases/security-reinforcement.html]
[neverhack.com/en/use-cases/security-concerns.html]
[neverhack.com/en/use-cases/cyber-crisis.html]
[neverhack.com/en/use-cases/cyber-risk-assessment.html]
[neverhack.com/en/use-cases/test-compare.html]
[neverhack.com/en/use-cases/cyber-disaster-readiness.html]
[neverhack.com/en/offers/critical-services.html]
[neverhack.com/en/offers/cyber-services.html]
[neverhack.com/en/offers/offensive-security.html]
[neverhack.com/en/offers/secure-file-transfer.html]
[neverhack.com/en/offers/noc-msp.html]
[neverhack.com/en/offers/grc-center.html]
[neverhack.com/en/offers/resilience-center.html]
[neverhack.com/en/offers/training-awareness-center.html]
[neverhack.com/en/offers/data-security.html]
[neverhack.com/en/offers/identity-access-center.html]
[neverhack.com/en/offers/incident-response.html]
[neverhack.com/en/offers/secure-development.html]
[neverhack.com/en/offers/soc-mssp.html]
[neverhack.com/en/offers/network-security.html]
[neverhack.com/en/offers/infrasecurity.html]
[neverhack.com/en/jobs/devsecops.html]
[neverhack.com/en/jobs/linux-engineer.html]
[neverhack.com/en/jobs/iam-engineer.html]
[neverhack.com/en/jobs/soc-analyst.html]
[neverhack.com/en/jobs/cybersecurity-integrator.html]
[neverhack.com/en/jobs/netsecops.html]
[neverhack.com/en/campaign/gartner-old-version.html]
[neverhack.com/en/campaign/globsec-forum-2025.html]
[neverhack.com/en/campaign/warlock-2025.html]
[neverhack.com/en/campaign/neverhack-netskope.html]
[neverhack.com/en/campaign/cena-barcelona-axonius-y-neverhack.html]
[neverhack.com/en/campaign/ibm-sterling.html]
[neverhack.com/en/campaign/ibm-itx-webmethods.html]
[neverhack.com/en/campaign/ibm-webmethods-hybrid.html]
[neverhack.com/en/campaign/alumni-onera.html]
[neverhack.com/en/campaign/gartner.html]
[neverhack.com/en/legals/privacy/cancellation-form.html]
[neverhack.com/en/legals/privacy/personal-data.html]
[neverhack.com/favicon/favicon.svg]
[neverhack.com/build/assets/web-CS453ml-.css]
[neverhack.com/build/assets/ChatGlobe-cBNqBshC.css]
[neverhack.com/build/assets/HeroHome-BDyXqEcy.css]
[neverhack.com/build/assets/KeyNumbersHome-DoPMhX0S.css]
[neverhack.com/build/assets/UseCasesListing-CmNbZw7i.css]
[neverhack.com/build/assets/Values-OqvUctEO.css]
[neverhack.com/build/assets/NewsListing-DwxihF-z.css]
[neverhack.com/build/assets/Globe-DBFxODgR.css]
[neverhack.com/build/assets/Button-Ct48122L.css]
[neverhack.com/build/assets/NavigationBar-DP42ApKB.css]
[neverhack.com/build/assets/ItemCard-Cv6t3285.css]
[neverhack.com/build/assets/Index-io7WF6nX.css]
[neverhack.com/et.html]
[neverhack.com/es.html]
[neverhack.com/fr.html]
[neverhack.com/it.html]
[neverhack.com/index.html]
[neverhack.com/en/legals.html]
[neverhack.com/en/legals/conditions/usage.html]
[neverhack.com/build/assets/Browse-Ci8Ctb8p.css]
[neverhack.com/build/assets/Index-COQZs_ow.css]
[neverhack.com/et/use-cases.html]
[neverhack.com/es/use-cases.html]
[neverhack.com/fr/use-cases.html]
[neverhack.com/it/use-cases.html]
[neverhack.com/build/assets/PageNavBar-BSchdT_i.css]
[neverhack.com/build/assets/SearchBar-BJjy5sWg.css]
[neverhack.com/build/assets/OfferCategory-B4OcQWO6.css]
[neverhack.com/build/assets/Card-C0bXSgz4.css]
[neverhack.com/build/assets/Index-DEbD31So.css]
[neverhack.com/et/offers.html]
[neverhack.com/es/offers.html]
[neverhack.com/fr/offers.html]
[neverhack.com/it/offers.html]
[neverhack.com/build/assets/useFilters--fbAyoV2.css]
[neverhack.com/build/assets/Index-DOPonqw7.css]
[neverhack.com/et/news.html]
[neverhack.com/es/news.html]
[neverhack.com/fr/news.html]
[neverhack.com/it/news.html]
[neverhack.com/build/assets/JobProcess-BqM_whLM.css]
[neverhack.com/build/assets/JobsRoles-B1NoJLxu.css]
[neverhack.com/build/assets/Recruitment-CS-rqfDf.css]
[neverhack.com/et/careers.html]
[neverhack.com/es/careers.html]
[neverhack.com/fr/careers.html]
[neverhack.com/it/careers.html]
[neverhack.com/build/assets/Index-jio6N8xQ.css]
[neverhack.com/et/jobs.html]
[neverhack.com/es/jobs.html]
[neverhack.com/fr/jobs.html]
[neverhack.com/it/jobs.html]
[neverhack.com/build/assets/KeyNumber-Dvw32GBz.css]
[neverhack.com/build/assets/Timeline-py2tn3TN.css]
[neverhack.com/build/assets/Vision-BL2VFKMe.css]
[neverhack.com/build/assets/Index-C4VElQ9X.css]
[neverhack.com/et/about.html]
[neverhack.com/es/about.html]
[neverhack.com/fr/about.html]
[neverhack.com/it/about.html]
[neverhack.com/build/assets/ContactForm-BRkdqDCE.css]
[neverhack.com/build/assets/ContactOffices-D6Pf6t9t.css]
[neverhack.com/build/assets/RadioOption-8T5nlz4n.css]
[neverhack.com/build/assets/Index-ZxBscQTX.css]
[neverhack.com/et/contact.html]
[neverhack.com/es/contact.html]
[neverhack.com/fr/contact.html]
[neverhack.com/it/contact.html]
[neverhack.com/en/legals/privacy.html]
[neverhack.com/build/assets/Index-CSPklTS7.css]
[neverhack.com/et/press.html]
[neverhack.com/es/press.html]
[neverhack.com/fr/press.html]
[neverhack.com/it/press.html]
[neverhack.com/build/assets/LegalSidebar-C37JzSJD.css]
[neverhack.com/build/assets/Index-DVJ8ofRP.css]
[neverhack.com/et/compliance.html]
[neverhack.com/es/compliance.html]
[neverhack.com/fr/compliance.html]
[neverhack.com/it/compliance.html]
[neverhack.com/en/legals/conditions/sale.html]
[neverhack.com/build/assets/Index-BtsOr62O.css]
[neverhack.com/et/certifications.html]
[neverhack.com/es/certifications.html]
[neverhack.com/fr/certifications.html]
[neverhack.com/it/certifications.html]
[neverhack.com/build/assets/link-BrKNQ4Xj.css]
[neverhack.com/et/legals/information-security-policy.html]
[neverhack.com/es/legals/information-security-policy.html]
[neverhack.com/fr/legals/information-security-policy.html]
[neverhack.com/it/legals/information-security-policy.html]
[neverhack.com/build/assets/ResearchContent-C0f5LFFf.css]
[neverhack.com/build/assets/Research-PR12SRh_.css]
[neverhack.com/et/research/advise.html]
[neverhack.com/es/research/advise.html]
[neverhack.com/fr/research/advise.html]
[neverhack.com/it/research/advise.html]
[neverhack.com/_https_/showcase-prod.s3.rbx.io.cloud.ovh.net/04ba8c06-e320-46c3-a.png/_.html]
[neverhack.com/_https_/www.ec.europa.eu/__www.ec.europa.eu_/a_.html]
[neverhack.com/_https_/www.regione.campania.it/__www.regione.campania.it_/a_.html]
[neverhack.com/_http_/www.porfesr.regione.campania.it/__www.porfesr.regione.campania.it_/a_.html]
[neverhack.com/et/research/cloud-security.html]
[neverhack.com/es/research/cloud-security.html]
[neverhack.com/fr/research/cloud-security.html]
[neverhack.com/it/research/cloud-security.html]
[neverhack.com/_https_/showcase-prod.s3.rbx.io.cloud.ovh.net/52188cce-288b-4ecb-9.png/_.html]
[neverhack.com/_https_/www.sardegnaprogrammazione.it/__www.sardegnaprogrammazione.it_/a__/p__p_The.html]
[neverhack.com/et/research/big-energy-data-analytics-efficiency.html]
[neverhack.com/es/research/big-energy-data-analytics-efficiency.html]
[neverhack.com/fr/research/big-energy-data-analytics-efficiency.html]
[neverhack.com/it/research/big-energy-data-analytics-efficiency.html]
[neverhack.com/_https_/showcase-prod.s3.rbx.io.cloud.ovh.net/3c7d3f9c-3c12-4954-9.png/_.html]
[neverhack.com/_https_/www.sardegnaprogrammazione.it/__www.sardegnaprogrammazione.it_/a_.html]
[neverhack.com/en/research/_mailto_info@innovery.net/__info@innovery.net_/a_.html]
[neverhack.com/et/research/innovated.html]
[neverhack.com/es/research/innovated.html]
[neverhack.com/fr/research/innovated.html]
[neverhack.com/it/research/innovated.html]
[neverhack.com/_https_/showcase-prod.s3.rbx.io.cloud.ovh.net/bdd0d280-6224-4cf2-8.jpg/_.html]
[neverhack.com/_https_/www.sardegnaprogrammazione.it/__www.sardegnaprogrammazione.it._/a__/p__p__strong_CUP__/strong_.html]
[neverhack.com/et/research/spain-extension.html]
[neverhack.com/es/research/spain-extension.html]
[neverhack.com/fr/research/spain-extension.html]
[neverhack.com/it/research/spain-extension.html]
[neverhack.com/_https_/showcase-prod.s3.rbx.io.cloud.ovh.net/1bc2b8e7-1ff9-4c2e-9.png/_.html]
[neverhack.com/_https_/www.sardegnaprogrammazione.it/__www.sardegnaprogrammazione.it_/a__/p__p__strong_CUP_/strong_.html]
[neverhack.com/et/research/lap.html]
[neverhack.com/es/research/lap.html]
[neverhack.com/fr/research/lap.html]
[neverhack.com/it/research/lap.html]
[neverhack.com/_https_/showcase-prod.s3.rbx.io.cloud.ovh.net/37db9f47-56f6-4b8b-8.png/_.html]
[neverhack.com/et/research/pisdas.html]
[neverhack.com/es/research/pisdas.html]
[neverhack.com/fr/research/pisdas.html]
[neverhack.com/it/research/pisdas.html]
[neverhack.com/_https_/showcase-prod.s3.rbx.io.cloud.ovh.net/f54ebd04-f9dc-4ede-8.jpg/_.html]
[neverhack.com/et/research/secri.html]
[neverhack.com/es/research/secri.html]
[neverhack.com/fr/research/secri.html]
[neverhack.com/it/research/secri.html]
[neverhack.com/_https_/showcase-prod.s3.rbx.io.cloud.ovh.net/7260cf86-f5dc-4354-a.jpg/_.html]
[neverhack.com/et/research/tree4nb.html]
[neverhack.com/es/research/tree4nb.html]
[neverhack.com/fr/research/tree4nb.html]
[neverhack.com/it/research/tree4nb.html]
[neverhack.com/_https_/showcase-prod.s3.rbx.io.cloud.ovh.net/cd66638e-ecd1-4624-9.png/_.html]
[neverhack.com/et/research/borgo-4-0.html]
[neverhack.com/es/research/borgo-4-0.html]
[neverhack.com/fr/research/borgo-4-0.html]
[neverhack.com/it/research/borgo-4-0.html]
[neverhack.com/_https_/showcase-prod.s3.rbx.io.cloud.ovh.net/15ade8f4-38ee-4cd8-a.jpg/_.html]
[neverhack.com/_https_/www.borgo40.eu/__https_/www.borgo40.eu/_/a__/p__p__br__/p__p__img.html]
[neverhack.com/_https_/showcase-prod.s3.rbx.io.cloud.ovh.net/b9340e58-9178-464c-8.jpg/_.html]
[neverhack.com/build/assets/Index-CDAU7-it.css]
[neverhack.com/et/sitemap.html]
[neverhack.com/es/sitemap.html]
[neverhack.com/fr/sitemap.html]
[neverhack.com/it/sitemap.html]
[neverhack.com/build/assets/CaseStudyOffersList-WOICwQUd.css]
[neverhack.com/build/assets/ArticleHero-8dGhlent.css]
[neverhack.com/build/assets/ArticleTableOfContents-3MGvCXfy.css]
[neverhack.com/build/assets/SocialShare--yVpJyCA.css]
[neverhack.com/build/assets/Single-6-RrT1Vf.css]
[neverhack.com/et/news/kui-uks-seade-pole-piisav-oppetunnid-korge-kattesaadavuse-ja-katastroofide-taastamise.html]
[neverhack.com/es/news/cuando-un-dispositivo-no-es-suficiente-lecciones-en-alta-disponibilidad-y-recuperacion-de-desastres.html]
[neverhack.com/fr/news/un-appareil-pas-suffisant-ha-dr.html]
[neverhack.com/it/news/quando-un-dispositivo-non-e-sufficiente-lezioni-in-alta-disponibilita-e-ripristino-in-caso-di-disastro.html]
[neverhack.com/et/news/kuberturvalisuse-trendid-2026-valjakutsed-ja-kaitsestrateegia-blog.html]
[neverhack.com/es/news/tendencias-de-ciberseguridad-2026-desafios-y-estrategia-de-proteccion-blog.html]
[neverhack.com/fr/news/tendances-de-cybersecurite-2026-defis-et-strategie-de-protection-blog.html]
[neverhack.com/it/news/tendenze-di-cybersicurezza-2026-sfide-e-strategia-di-protezione-blog.html]
[neverhack.com/_https_/www.verizon.com/business/resources/reports/dbir/__Verizon.html]
[neverhack.com/_https_/www.microsoft.com/en-us/security/security-insider/threat-landscape/microsoft-digital-defense-report-2025/__Microsoft.html]
[neverhack.com/_https_/csrc.nist.gov/publications/detail/sp/800-207/final/__NIST_/a_.html]
[neverhack.com/_https_/csrc.nist.gov/projects/post-quantum-cryptography/__NIST_/a_.html]
[neverhack.com/_https_/www.cisa.gov/quantum/__CISA.html]
[neverhack.com/_https_/www.isc2.org/Insights/2024/10/ISC2-2024-Cybersecurity-Workforce-Study/__ISC².html]
[neverhack.com/_https_/www.enisa.europa.eu/topics/skills-and-competences/__ENISA_/a_.html]
[neverhack.com/_https_/neverhack.com/es/contact/__contact.html]
[neverhack.com/es/news/cuando-el-dinero-no-conoce-fronteras-limite-de-seguridad.html]
[neverhack.com/fr/news/quand-largent-ne-connait-pas-de-frontieres-securite-limite.html]
[neverhack.com/it/news/quando-il-denaro-non-conosce-confini-limite-di-sicurezza.html]
[neverhack.com/_/en/offers/data-security/__attack.html]
[neverhack.com/es/news/ransomware-ghostredirector-informe-cti.html]
[neverhack.com/fr/news/ransomware-ghostredirector-rapport-cti.html]
[neverhack.com/it/news/ransomware-ghostredirector-rapporto-cti.html]
[neverhack.com/_https_/showcase-prod.s3.rbx.io.cloud.ovh.net/71775774-0c91-4d5c-a.png/_.html]
[neverhack.com/_https_/showcase-prod.s3.rbx.io.cloud.ovh.net/f4ff5c1a-3e49-4d2f-8.png/_.html]
[neverhack.com/_https_/showcase-prod.s3.rbx.io.cloud.ovh.net/bd8edc3e-e786-40de-8.png/_.html]
[neverhack.com/_https_/showcase-prod.s3.rbx.io.cloud.ovh.net/d883ae9e-d234-4e66-8.png/_.html]
[neverhack.com/_https_/showcase-prod.s3.rbx.io.cloud.ovh.net/ceca33df-8818-4686-b.png/_.html]
[neverhack.com/_https_/showcase-prod.s3.rbx.io.cloud.ovh.net/b49fabc1-b8e8-47fc-9.png/_.html]
[neverhack.com/_https_/showcase-prod.s3.rbx.io.cloud.ovh.net/91d7b6ca-fb8d-4c12-8.png/_.html]
[neverhack.com/_https_/showcase-prod.s3.rbx.io.cloud.ovh.net/cd3c159d-5f8d-4d83-8.png/_.html]
[neverhack.com/_https_/showcase-prod.s3.rbx.io.cloud.ovh.net/d3d5b65d-e5f6-4e76-a.png/_.html]
[neverhack.com/_https_/showcase-prod.s3.rbx.io.cloud.ovh.net/8b8c749f-8bd8-4337-b.png/_.html]
[neverhack.com/_https_/showcase-prod.s3.rbx.io.cloud.ovh.net/3619a3d1-6858-4ee2-8.png/_.html]
[neverhack.com/_https_/www.welivesecurity.com/en/eset-research/ghostredirector-poisons-windows-servers-backdoo/__https_/www.welivesecurity.com/en/eset-research/ghostredir/li__li.1d2.delaye]
[neverhack.com/_https_/github.com/eset/malware-ioc/tree/master/GhostRedirector/__https_/github.com/eset/malware-ioc/tree/master/GhostRedirector_/a__/p__p__br__/p__h3_MOVE.html]
[neverhack.com/et/news/soc-30-areng-intelligentse-ja-inimlikum-turvaoperatsioonide-keskuseks.html]
[neverhack.com/es/news/soc-30-la-evolucion-hacia-un-centro-de-operaciones-de-seguridad-inteligente-y-humanizado.html]
[neverhack.com/fr/news/soc-30-levolution-vers-un-centre-doperations-de-securite-intelligent-et-humanise.html]
[neverhack.com/it/news/soc-30-levoluzione-verso-un-centro-di-operazioni-di-sicurezza-intelligente-e-umanizzato.html]
[neverhack.com/_https_/www.isc2.org/research/__the.html]
[neverhack.com/es/news/guia-completa-de-iam-estrategias-y-herramientas-para-la-gestion-eficiente-de-identidades-blog.html]
[neverhack.com/fr/news/guide-complet-des-strategies-et-outils-iam-pour-une-gestion-efficace-des-identites-blog.html]
[neverhack.com/it/news/guida-completa-alle-strategie-e-agli-strumenti-iam-per-una-gestione-efficiente-delle-identita-blog.html]
[neverhack.com/es/news/ciberseguridad-para-el-comite-de-direccion-de-centro-de-coste-a-inversion-estrategica-blog.html]
[neverhack.com/fr/news/cybersecurite-pour-le-comite-de-direction-du-centre-de-couts-a-linvestissement-strategique-blog.html]
[neverhack.com/it/news/cybersecurity-per-il-comitato-di-direzione-del-centro-di-costo-allinvestimento-strategico-blog.html]
[neverhack.com/_https_/www.ibm.com/reports/data-breach/__2024.html]
[neverhack.com/_https_/thehackernews.com/2025/09/cracking-boardroom-code-helping-cisos.html/__Gartner,.html]
[neverhack.com/_https_/hbr.org/2025/05/boards-need-a-more-active-approach-to-cybersecurity/__recent.html]
[neverhack.com/_https_/www.gov.uk/government/statistics/cyber-security-breaches-survey-2024/cyber-security-breaches-survey-2024/__84%.html]
[neverhack.com/_https_/www.secureworks.com/centers/boardroom-cybersecurity-report-2024/__Gartner_/a_,.html]
[neverhack.com/et/news/neverhack-netskope-hallatud-sse-partnerlus.html]
[neverhack.com/es/news/neverhack-netskope-partnership-sse-gestionado-next-generation-news.html]
[neverhack.com/fr/news/neverhack-netskope-gere-sse-partenariat.html]
[neverhack.com/it/news/neverhack-netskope-gestito-sse-partenariato.html]
[neverhack.com/_https_/neverhack.com/en/campaign/neverhack-netskope/__NEVERHACK.html]
[neverhack.com/_https_/www.netskope.com/press-releases/neverhack-and-netskope-partner-to-deliver-next-generation-managed-sse-services-for-the-ai-and-zero-trust-era/__NEVERHACK.html]
[neverhack.com/et/news/postkvantumkruptograafia-riskid-migratsioon-turvalisus.html]
[neverhack.com/es/news/criptografia-post-cuantica-riesgos-actuales-blog.html]
[neverhack.com/fr/news/cryptographie-post-quantique-risques-migration-securite.html]
[neverhack.com/it/news/crittografia-post-quantistica-rischi-migrazione-sicurezza.html]
[neverhack.com/_https_/neverhack.com/en/offers/data-security/__For.html]
[neverhack.com/es/news/integracion-hibrida-gestion-centralizada-y-segura-de-datos-apis-y-eventos-en-el-ecosistema-digital-blog.html]
[neverhack.com/fr/news/integration-hybride-gestion-centralisee-et-securisee-des-donnees-apis-et-evenements-dans-l-ecosysteme-numerique-blog.html]
[neverhack.com/it/news/integrazione-ibrida-gestione-centralizzata-e-sicura-dei-dati-apis-e-eventi-nell-ecosistema-digitale-blog.html]
[neverhack.com/_https_/showcase-prod.s3.rbx.io.cloud.ovh.net/e0e6b41d-ffcb-40c3-8.png/_.html]
[neverhack.com/en/news/_mailto_info.es@neverhack.com/__contact.html]
[neverhack.com/_https_/showcase-prod.s3.rbx.io.cloud.ovh.net/3261eb36-d4d1-4ec0-a.png/_.html]
[neverhack.com/et/news/bec-pettus-voi-ceo-pettus-kuidas-see-tootab.html]
[neverhack.com/es/news/fraude-bec-o-fraude-del-ceo-como-funciona.html]
[neverhack.com/fr/news/fraude-bec-ou-fraude-du-ceo-comment-fonctionne.html]
[neverhack.com/it/news/frode-bec-o-frode-del-ceo-come-funziona.html]
[neverhack.com/es/news/confianza-cero-madurez-evolucion-mejores-practicas-ztna.html]
[neverhack.com/fr/news/confiance-zero-maturite-evolution-meilleures-pratiques-ztna.html]
[neverhack.com/it/news/zero-trust-maturita-evoluzione-migliori-pratiche-ztna.html]
[neverhack.com/et/news/relvastamise-ajastu-ai-kuberrelv.html]
[neverhack.com/es/news/era-de-la-armamentizacion-ia-ciberarma.html]
[neverhack.com/fr/news/ere-darmement-ia-cyber-arme.html]
[neverhack.com/it/news/era-della-weaponization-ia-cyber-arma.html]
[neverhack.com/_https_/sqmagazine.co.uk/ai-cyber-attacks-statistics/__https_/sqmagazine.co.uk/ai-cyber-attacks-statistics/_/a__/li__li.html]
[neverhack.com/_https_/www.aiacceleratorinstitute.com/how-ai-is-redefining-cyber-attack-and-defense-s/__https_/www.aiacceleratorinstitute.com/how-ai-is-redefining-cyber-a/li__li.217.delaye]
[neverhack.com/_https_/www.crowdstrike.com/en-us/blog/crowdstrike-2025-threat-hunting-report-ai-weapo/__https_/www.crowdstrike.com/en-us/blog/crowdstrike-2025-threa/ol__h3__strong_In.218.d]
[neverhack.com/_https_/neverhack.com/en/offers/soc-mssp/__https_/neverhack.com/en/offers/soc-mssp_/a__/p__p__a.html]
[neverhack.com/_https_/neverhack.com/en/offers/offensive-security/__https_/neverhack.com/en/offers/offensive-security_/a__/p__p__br__/p__p__em_Raffaele.html]
[neverhack.com/et/news/kuni-kaugele-voib-teie-infrastruktuur-tegelikult-ulatuda.html]
[neverhack.com/es/news/hasta-donde-puede-llegar-tu-infraestructura-it-blog.html]
[neverhack.com/fr/news/jusquou-peut-reellement-aller-votre-infrastructure.html]
[neverhack.com/it/news/fino-a-dove-puo-davvero-spingersi-la-tua-infrastruttura.html]
[neverhack.com/_https_/neverhack.com/en/offers/incident-response/__critical.html]
[neverhack.com/_https_/neverhack.com/en/offers/resilience-center/__.html]
[neverhack.com/_https_/neverhack.com/es/contact/__Get.html]
[neverhack.com/es/news/automatizacion-conectividad-cadena-de-suministro-segura-blog.html]
[neverhack.com/fr/news/automatisation-connectivite-chaine-dapprovisionnement-securisee-blog.html]
[neverhack.com/it/news/automazione-connettivita-supply-chain-protette-blog.html]
[neverhack.com/et/news/neverhack-ja-group-ib-teevad-koostood-sihitud-pettuse-ennetuse-pakkumiseks-korge-riskiga-sektorites-blog.html]
[neverhack.com/es/news/neverhack-y-group-ib-se-unen-para-ofrecer-prevencion-de-fraude-dirigida-a-sectores-criticos-press.html]
[neverhack.com/fr/news/neverhack-et-group-ib-sassocient-pour-offrir-une-prevention-du-fraude-ciblee-dans-des-secteurs-a-haut-risque-blog.html]
[neverhack.com/it/news/neverhack-e-group-ib-si-associano-per-offrire-la-prevenzione-della-frode-mirata-nei-settori-ad-alto-rischio-blog.html]
[neverhack.com/_https_/www.group-ib.com/products/unified-risk-platform/__Unified.html]
[neverhack.com/_https_/www.group-ib.com/products/threat-intelligence/__Threat.html]
[neverhack.com/_https_/www.group-ib.com/products/digital-risk-protection/__Digital.html]
[neverhack.com/_https_/www.group-ib.com/products/managed-xdr/__Managed.html]
[neverhack.com/_https_/www.group-ib.com/products/business-email-protection/__Business.html]
[neverhack.com/_https_/www.group-ib.com/products/attack-surface-management/__External.html]
[neverhack.com/_https_/www.group-ib.com/products/fraud-protection/__Fraud.html]
[neverhack.com/_https_/www.group-ib.com/products/fraud-protection/fraud-matrix/__Fraud.html]
[neverhack.com/et/news/rakenduse-ja-andmekaitse-arendamisel-devsecops-ja-turvalisus-disaini-pohiselt-blog.html]
[neverhack.com/es/news/aplicacion-y-proteccion-de-datos-en-desarrollo-devsecops-y-security-by-design-blog.html]
[neverhack.com/fr/news/application-et-protection-des-donnees-en-developpement-devsecops-et-securite-par-conception-blog.html]
[neverhack.com/it/news/applicazione-e-protezione-dei-dati-in-sviluppo-devsecops-e-sicurezza-per-design-blog.html]
[neverhack.com/es/news/ciberseguridad-en-vehiculos-electricos-movilidad-conectada-y-protegida-blog.html]
[neverhack.com/fr/news/cybersecurite-dans-les-vehicules-electriques-mobilite-connectee-et-protegee-blog.html]
[neverhack.com/it/news/cybersicurezza-nei-veicoli-elettrici-mobilita-connessa-e-protetta-blog.html]
[neverhack.com/es/news/el-modelo-zero-trust-en-el-intercambio-de-datos-y-entornos-b2b-blog.html]
[neverhack.com/fr/news/le-modele-zero-trust-dans-lechange-de-donnees-et-les-environnements-b2b-blog.html]
[neverhack.com/it/news/il-modello-zero-trust-negli-ambienti-data-exchange-b2b-blog.html]
[neverhack.com/es/news/sailpoint-formularios-del-caos-al-control.html]
[neverhack.com/fr/news/sailpoint-formulaires-du-chaos-au-controle.html]
[neverhack.com/it/news/sailpoint-moduli-dal-caos-al-controllo.html]
[neverhack.com/es/news/plan-de-respuesta-a-incidentes-de-ciberseguridad-roles-y-acciones-para-mitigar-danos-blog.html]
[neverhack.com/fr/news/plan-dintervention-en-cybersecurite-roles-et-actions-pour-mitiger-les-dommages-blog.html]
[neverhack.com/it/news/piano-di-risposta-agli-incidenti-di-cybersecurity-ruoli-e-azioni-per-mitigare-i-danni-blog.html]
[neverhack.com/et/news/virtuaalsete-seadmete-selgitatud.html]
[neverhack.com/es/news/el-secreto-detras-de-una-conectividad-sin-interrupciones-en-sailpoint-explicacion-de-los-virtual-appliances-blog.html]
[neverhack.com/fr/news/appliances-virtuelles-expliquees.html]
[neverhack.com/it/news/appliance-virtuali-spiegati.html]
[neverhack.com/et/news/roi-of-kuberturvalisus-poolt-voimestatud-openxdr-blogi.html]
[neverhack.com/es/news/el-roi-de-la-ciberseguridad-potenciado-por-openxdr-blog.html]
[neverhack.com/fr/news/le-roi-de-la-cybersecurite-renforcee-par-openxdr-blog.html]
[neverhack.com/it/news/il-roi-della-cybersicurezza-potenziato-da-openxdr-blog.html]
[neverhack.com/_/en/offers/soc-mssp/__contact.html]
[neverhack.com/es/news/caso-de-exito-automatizacion-segura-de-la-infraestructura-electrica-en-espana-blog.html]
[neverhack.com/fr/news/automatisation-securisee-de-linfrastructure-electrique-en-espagne-cas-de-succes.html]
[neverhack.com/it/news/automazione-sicura-dellinfrastruttura-elettrica-in-spagna-caso-di-successo.html]
[neverhack.com/en/news/_mailto_info.es@neverhack.com/__Contact-2.html]
[neverhack.com/es/news/ciberregulacion-en-europa-blog.html]
[neverhack.com/fr/news/defis-de-conformite-2025.html]
[neverhack.com/it/news/sfide-di-conformita-2025.html]
[neverhack.com/et/news/pidevad-kuberturvalisuse-auditid-ptaas-blogi.html]
[neverhack.com/es/news/auditorias-de-ciberseguridad-continuas-ptaas-blog.html]
[neverhack.com/fr/news/audits-de-cybersecurite-continuels-ptaas-blog.html]
[neverhack.com/it/news/audit-continui-di-sicurezza-informatica-ptaas-blog.html]
[neverhack.com/et/news/rakenda-edi-ilma-infrastruktuurita-jaage-oma-klientidega-kooskolas-ilma-ari-aeglustamata-blog.html]
[neverhack.com/es/news/implementar-edi-sin-infraestructura-mantente-alineado-con-tus-clientes-sin-ralentizar-tu-negocio-blog.html]
[neverhack.com/fr/news/implementer-edi-sans-infrastructure-restez-aligne-avec-vos-clients-sans-ralentir-votre-entreprise-blog.html]
[neverhack.com/it/news/implementa-edi-senza-infrastruttura-rimani-allineato-con-i-tuoi-clienti-senza-rallentare-la-tua-impresa-blog.html]
[neverhack.com/en/news/_mailto_b2bservice@neverhack.com/__b2bservice@neverhack.com_/a__/strong_.html]
[neverhack.com/es/news/desafios-de-ciberseguridad-el-riesgo-de-ver-solo-mitad-del-problema-blog.html]
[neverhack.com/fr/news/gsoc-cybersecurite-defis-blog.html]
[neverhack.com/it/news/gsoc-sicurezza-informatica-sfide-blog.html]
[neverhack.com/es/news/migracion-de-estandares-swift-a-iso-20022-blog.html]
[neverhack.com/fr/news/migration-des-normes-swift-vers-iso-20022-blog.html]
[neverhack.com/it/news/migrazione-degli-standard-swift-a-iso-20022-blog.html]
[neverhack.com/es/news/celebrando-el-dia-de-la-sostenibilidad-nuestro-compromiso-en-neverhack-blog.html]
[neverhack.com/fr/news/celebration-de-la-journee-de-la-durabilite-notre-engagement-sur-neverhack-blog.html]
[neverhack.com/it/news/celebrare-la-giornata-della-sostenibilita-il-nostro-impegno-su-neverhack-blog.html]
[neverhack.com/et/news/miks-vara-haldus-on-kriitiline-kuberjulgeoleku-blog.html]
[neverhack.com/es/news/por-que-la-gestion-de-activos-es-critica-para-la-ciberseguridad-blog.html]
[neverhack.com/fr/news/pourquoi-la-gestion-des-actifs-est-cruciale-pour-la-cybersecurite-blog.html]
[neverhack.com/it/news/perche-la-gestione-degli-asset-e-critica-per-la-cybersicurezza-blog.html]
[neverhack.com/_https_/www.axonius.com/__www.axonius.com_/a__/p__p__br__/p__h2_NEVERHACK_.html]
[neverhack.com/es/news/ibm-sterling-data-exchange-moderniza-su-intercambio-de-datos-y-proteja-su-negocio-blog.html]
[neverhack.com/fr/news/ibm-sterling-data-exchange-modernisez-votre-echange-de-donnees-et-protegez-votre-entreprise-blog.html]
[neverhack.com/it/news/ibm-sterling-data-exchange-modernizza-il-tuo-scambio-di-dati-e-proteggi-la-tua-azienda-blog.html]
[neverhack.com/en/news/_mailto_info.mx@neverhack.com/__contact.html]
