[neverhack.com/en.html]
[backblue.gif]
[fade.gif]
[index.html]
[neverhack.com/favicon/apple-touch-icon.png]
[neverhack.com/favicon/favicon-48x48.png]
[plausible.io/index.html]
[neverhack.com/favicon/web-app-manifest-192x192.png]
[showcase-prod.s3.rbx.io.cloud.ovh.net/index.html]
[neverhack.com/favicon/web-app-manifest-512x512.png]
[neverhack.com/favicon/site.webmanifest]
[neverhack.com/favicon/favicon.svg]
[neverhack.com/favicon/favicon.ico]
[neverhack.com/build/assets/Roobert-Regular-CznfJWXD.woff2]
[neverhack.com/build/assets/GeistMono-Regular-Cgn4a1uh.woff2]
[neverhack.com/images/hero-home-828.webp]
[neverhack.com/build/assets/web-CS453ml-.css]
[neverhack.com/build/assets/ChatGlobe-cBNqBshC.css]
[neverhack.com/build/assets/HeroHome-BDyXqEcy.css]
[neverhack.com/build/assets/KeyNumbersHome-DoPMhX0S.css]
[neverhack.com/build/assets/UseCasesListing-CmNbZw7i.css]
[neverhack.com/build/assets/Values-OqvUctEO.css]
[neverhack.com/build/assets/NewsListing-DwxihF-z.css]
[neverhack.com/build/assets/Globe-DBFxODgR.css]
[neverhack.com/build/assets/Button-Ct48122L.css]
[neverhack.com/build/assets/NavigationBar-DP42ApKB.css]
[neverhack.com/build/assets/ItemCard-Cv6t3285.css]
[neverhack.com/build/assets/Index-io7WF6nX.css]
[neverhack.com/build/assets/web-BZqfW7Ar.js]
[neverhack.com/build/assets/client-DVrblGvH.js]
[neverhack.com/build/assets/php_en-BnSpPo6Z.js]
[neverhack.com/build/assets/php_es-BWqnHxuC.js]
[neverhack.com/build/assets/php_et-Ci9oZMyV.js]
[neverhack.com/build/assets/php_fr-D7J-gNnm.js]
[neverhack.com/build/assets/php_it-Bn72T2OQ.js]
[neverhack.com/build/assets/maths-BcBSyK5V.js]
[neverhack.com/build/assets/Video-CB0fdder.js]
[neverhack.com/build/assets/clsx-B-dksMZM.js]
[neverhack.com/build/assets/index-B3wK0VMZ.js]
[neverhack.com/build/assets/meta-D3Qv0ezZ.js]
[neverhack.com/build/assets/index-CGPiBUfN.js]
[neverhack.com/build/assets/hook-Dy1HR1NH.js]
[neverhack.com/build/assets/moment--fyrORtG.js]
[neverhack.com/build/assets/CareersController-BewTmBEx.js]
[neverhack.com/build/assets/ContactController-BtEdwd8V.js]
[neverhack.com/build/assets/NewsController-CLD99IWU.js]
[neverhack.com/build/assets/OffersController-C39j6lcz.js]
[neverhack.com/build/assets/CampaignController-Cfu3n3Ds.js]
[neverhack.com/build/assets/Index-DpHBZkou.js]
[neverhack.com/build/assets/ChatGlobe-B2s1bfif.js]
[neverhack.com/build/assets/HeroHome-BPb49wjt.js]
[neverhack.com/build/assets/KeyNumbersHome-Nn1SeEjC.js]
[neverhack.com/build/assets/UseCasesListing-B1cO5pK1.js]
[neverhack.com/build/assets/Values-WL0v_-aH.js]
[neverhack.com/build/assets/NewsListing-x1f-d9mH.js]
[neverhack.com/build/assets/Globe-Cs9VB-HF.js]
[neverhack.com/build/assets/Button-Be0gIchj.js]
[neverhack.com/build/assets/innerHtml-CEPnmf3L.js]
[neverhack.com/build/assets/NavigationBar-D0Oz531L.js]
[neverhack.com/build/assets/chevron-right-rLNBw_Rz.js]
[neverhack.com/build/assets/ItemCard-CpQsPyuV.js]
[neverhack.com/et.html]
[neverhack.com/es.html]
[neverhack.com/fr.html]
[neverhack.com/it.html]
[plausible.io/js/script.js]
[neverhack.com/en/offers.html]
[neverhack.com/en/about.html]
[neverhack.com/en/careers.html]
[neverhack.com/en/jobs.html]
[neverhack.com/en/news.html]
[neverhack.com/en/campaign/gartner.html]
[neverhack.com/images/dots-header.png]
[neverhack.com/en/contact.html]
[neverhack.com/videos/hero/home.qt]
[neverhack.com/videos/hero/home.webm]
[neverhack.com/videos/hero/home_loop.qt]
[neverhack.com/videos/hero/home_loop.webm]
[neverhack.com/images/dots-use-cases.png]
[neverhack.com/en/use-cases/cyber-risk-assessment.html]
[neverhack.com/images/dots-card.png]
[neverhack.com/videos/usecases/cyber_risk_assessment.qt]
[neverhack.com/videos/usecases/cyber_risk_assessment.webm]
[neverhack.com/en/use-cases/test-compare.html]
[neverhack.com/videos/usecases/test_compare.qt]
[neverhack.com/videos/usecases/test_compare.webm]
[neverhack.com/en/use-cases/cyber-regulation.html]
[neverhack.com/videos/usecases/cyber_regulation.qt]
[neverhack.com/videos/usecases/cyber_regulation.webm]
[neverhack.com/en/use-cases/security-concerns.html]
[neverhack.com/videos/usecases/security_concern.qt]
[neverhack.com/videos/usecases/security_concern.webm]
[neverhack.com/en/use-cases/cyber-crisis.html]
[neverhack.com/videos/usecases/cyber_crisis.qt]
[neverhack.com/videos/usecases/cyber_crisis.webm]
[neverhack.com/videos/hero/about.qt]
[neverhack.com/videos/hero/about.webm]
[neverhack.com/images/icon-chat.png]
[hub.neverhack.com/index.html]
[neverhack.com/en/press.html]
[neverhack.com/en/legals.html]
[neverhack.com/en/legals/conditions/usage.html]
[neverhack.com/en.html]
[neverhack.com/en/certifications.html]
[plausible.io/assets/images/plausible_promo.jpg]
[plausible.io/assets/images/icon/apple-touch-icon.png]
[plausible.io/assets/images/icon/favicon-16x16.png]
[plausible.io/assets/images/icon/favicon-32x32.png]
[plausible.io/assets/css/style18a4.css]
[plausible.io/assets/css/tooltip18a4.css]
[plausible.io/assets/css/tooltipe09d.css]
[plausible.io/js/pa-6_srOGVV9SLMWJ1ZpUAbG.js]
[plausible.io/blog/feed.xml]
[plausible.io/assets/images/icon/plausible_logo.svg]
[plausible.io/simple-web-analytics.html]
[plausible.io/lightweight-web-analytics.html]
[plausible.io/privacy-focused-web-analytics.html]
[plausible.io/open-source-website-analytics.html]
[plausible.io/for-ecommerce-saas.html]
[plausible.io/for-freelancers-agencies.html]
[plausible.io/for-bloggers-creators.html]
[plausible.io/white-label-web-analytics.html]
[plausible.io/vs-google-analytics.html]
[plausible.io/vs-matomo.html]
[plausible.io/vs-cloudflare-web-analytics.html]
[plausible.io/docs.html]
[plausible.io/blog.html]
[plausible.io/changelog.html]
[plausible.io/login.html]
[plausible.io/register.html]
[plausible.io/loginf308.html]
[plausible.io/data-policy.html]
[plausible.io/plausible.html]
[plausible.io/assets/images/privacy-focused-web-analytics.jpg]
[plausible.io/assets/images/twitter/ClemDelangue.jpg]
[plausible.io/assets/images/twitter/dhh.jpg]
[plausible.io/assets/images/twitter/JohnONolan.jpg]
[plausible.io/index.html]
[neverhack.com/favicon/favicon.svg]
[neverhack.com/build/assets/web-CS453ml-.css]
[neverhack.com/build/assets/ChatGlobe-cBNqBshC.css]
[neverhack.com/build/assets/HeroHome-BDyXqEcy.css]
[neverhack.com/build/assets/KeyNumbersHome-DoPMhX0S.css]
[neverhack.com/build/assets/UseCasesListing-CmNbZw7i.css]
[neverhack.com/build/assets/Values-OqvUctEO.css]
[neverhack.com/build/assets/NewsListing-DwxihF-z.css]
[neverhack.com/build/assets/Globe-DBFxODgR.css]
[neverhack.com/build/assets/Button-Ct48122L.css]
[neverhack.com/build/assets/NavigationBar-DP42ApKB.css]
[neverhack.com/build/assets/ItemCard-Cv6t3285.css]
[neverhack.com/build/assets/Index-io7WF6nX.css]
[neverhack.com/et.html]
[neverhack.com/es.html]
[neverhack.com/fr.html]
[neverhack.com/it.html]
[neverhack.com/en/offers.html]
[neverhack.com/en/about.html]
[neverhack.com/en/careers.html]
[neverhack.com/en/jobs.html]
[neverhack.com/en/news.html]
[neverhack.com/en/campaign/gartner.html]
[neverhack.com/index.html]
[neverhack.com/en/contact.html]
[neverhack.com/en/use-cases/cyber-risk-assessment.html]
[neverhack.com/en/use-cases/test-compare.html]
[neverhack.com/en/use-cases/cyber-regulation.html]
[neverhack.com/en/use-cases/security-concerns.html]
[neverhack.com/en/use-cases/cyber-crisis.html]
[hub.neverhack.com/index.html]
[neverhack.com/en/press.html]
[neverhack.com/en/legals.html]
[neverhack.com/en/legals/conditions/usage.html]
[neverhack.com/en/certifications.html]
[plausible.io/assets/css/style18a4.css]
[plausible.io/assets/css/tooltip18a4.css]
[plausible.io/assets/css/tooltipe09d.css]
[plausible.io/assets/images/icon/plausible_logo.svg]
[plausible.io/simple-web-analytics.html]
[plausible.io/lightweight-web-analytics.html]
[plausible.io/privacy-focused-web-analytics.html]
[plausible.io/open-source-website-analytics.html]
[plausible.io/for-ecommerce-saas.html]
[plausible.io/for-freelancers-agencies.html]
[plausible.io/for-bloggers-creators.html]
[plausible.io/white-label-web-analytics.html]
[plausible.io/vs-google-analytics.html]
[plausible.io/vs-matomo.html]
[plausible.io/vs-cloudflare-web-analytics.html]
[plausible.io/docs.html]
[plausible.io/blog.html]
[plausible.io/changelog.html]
[plausible.io/login.html]
[plausible.io/register.html]
[plausible.io/loginf308.html]
[plausible.io/data-policy.html]
[plausible.io/plausible.html]
[plausible.io/assets/images/twitter/JohnONolan.html]
[nas.neverhack.com/index.html]
[neverhack.com/en/sitemap]
[neverhack.com/en/compliance]
[neverhack.com/en/research/advise]
